Archive member included to satisfy reference by file (symbol)

C:\Users\B45511\Documents\MCUXpressoIDE_10.1.0_580_prc3\workspace\lpc_board_ea_devkit_4088\Debug\liblpc_board_ea_devkit_4088.a(board.o)
                              ./example/src/enet.o (Board_UARTGetChar)
C:\Users\B45511\Documents\MCUXpressoIDE_10.1.0_580_prc3\workspace\lpc_board_ea_devkit_4088\Debug\liblpc_board_ea_devkit_4088.a(board_sysinit.o)
                              ./example/src/sysinit.o (Board_SystemInit)
C:\Users\B45511\Documents\MCUXpressoIDE_10.1.0_580_prc3\workspace\lpc_board_ea_devkit_4088\Debug\liblpc_board_ea_devkit_4088.a(lpc_phy_smsc87x0.o)
                              ./example/src/enet.o (lpc_phy_init)
C:\Users\B45511\Documents\MCUXpressoIDE_10.1.0_580_prc3\workspace\lpc_board_ea_devkit_4088\Debug\liblpc_board_ea_devkit_4088.a(uda1380.o)
                              C:\Users\B45511\Documents\MCUXpressoIDE_10.1.0_580_prc3\workspace\lpc_board_ea_devkit_4088\Debug\liblpc_board_ea_devkit_4088.a(board.o) (UDA1380_Init)
C:\Users\B45511\Documents\MCUXpressoIDE_10.1.0_580_prc3\workspace\lpc_chip_40xx\Debug\liblpc_chip_40xx.a(chip_17xx_40xx.o)
                              ./example/src/enet.o (SystemCoreClockUpdate)
C:\Users\B45511\Documents\MCUXpressoIDE_10.1.0_580_prc3\workspace\lpc_chip_40xx\Debug\liblpc_chip_40xx.a(clock_17xx_40xx.o)
                              C:\Users\B45511\Documents\MCUXpressoIDE_10.1.0_580_prc3\workspace\lpc_chip_40xx\Debug\liblpc_chip_40xx.a(chip_17xx_40xx.o) (Chip_Clock_SetupPLL)
C:\Users\B45511\Documents\MCUXpressoIDE_10.1.0_580_prc3\workspace\lpc_chip_40xx\Debug\liblpc_chip_40xx.a(emc_17xx_40xx.o)
                              C:\Users\B45511\Documents\MCUXpressoIDE_10.1.0_580_prc3\workspace\lpc_board_ea_devkit_4088\Debug\liblpc_board_ea_devkit_4088.a(board_sysinit.o) (Chip_EMC_Dynamic_Init)
C:\Users\B45511\Documents\MCUXpressoIDE_10.1.0_580_prc3\workspace\lpc_chip_40xx\Debug\liblpc_chip_40xx.a(enet_17xx_40xx.o)
                              ./example/src/enet.o (Chip_ENET_Init)
C:\Users\B45511\Documents\MCUXpressoIDE_10.1.0_580_prc3\workspace\lpc_chip_40xx\Debug\liblpc_chip_40xx.a(fpu_init.o)
                              ./example/src/sysinit.o (fpuInit)
C:\Users\B45511\Documents\MCUXpressoIDE_10.1.0_580_prc3\workspace\lpc_chip_40xx\Debug\liblpc_chip_40xx.a(i2c_17xx_40xx.o)
                              C:\Users\B45511\Documents\MCUXpressoIDE_10.1.0_580_prc3\workspace\lpc_board_ea_devkit_4088\Debug\liblpc_board_ea_devkit_4088.a(uda1380.o) (Chip_I2C_EventHandlerPolling)
C:\Users\B45511\Documents\MCUXpressoIDE_10.1.0_580_prc3\workspace\lpc_chip_40xx\Debug\liblpc_chip_40xx.a(i2s_17xx_40xx.o)
                              C:\Users\B45511\Documents\MCUXpressoIDE_10.1.0_580_prc3\workspace\lpc_board_ea_devkit_4088\Debug\liblpc_board_ea_devkit_4088.a(board.o) (Chip_I2S_Init)
C:\Users\B45511\Documents\MCUXpressoIDE_10.1.0_580_prc3\workspace\lpc_chip_40xx\Debug\liblpc_chip_40xx.a(iocon_17xx_40xx.o)
                              C:\Users\B45511\Documents\MCUXpressoIDE_10.1.0_580_prc3\workspace\lpc_board_ea_devkit_4088\Debug\liblpc_board_ea_devkit_4088.a(board_sysinit.o) (Chip_IOCON_SetPinMuxing)
C:\Users\B45511\Documents\MCUXpressoIDE_10.1.0_580_prc3\workspace\lpc_chip_40xx\Debug\liblpc_chip_40xx.a(ssp_17xx_40xx.o)
                              C:\Users\B45511\Documents\MCUXpressoIDE_10.1.0_580_prc3\workspace\lpc_board_ea_devkit_4088\Debug\liblpc_board_ea_devkit_4088.a(board.o) (Chip_SSP_WriteFrames_Blocking)
C:\Users\B45511\Documents\MCUXpressoIDE_10.1.0_580_prc3\workspace\lpc_chip_40xx\Debug\liblpc_chip_40xx.a(sysctl_17xx_40xx.o)
                              C:\Users\B45511\Documents\MCUXpressoIDE_10.1.0_580_prc3\workspace\lpc_board_ea_devkit_4088\Debug\liblpc_board_ea_devkit_4088.a(board_sysinit.o) (Chip_SYSCTL_PeriphReset)
C:\Users\B45511\Documents\MCUXpressoIDE_10.1.0_580_prc3\workspace\lpc_chip_40xx\Debug\liblpc_chip_40xx.a(sysinit_17xx_40xx.o)
                              C:\Users\B45511\Documents\MCUXpressoIDE_10.1.0_580_prc3\workspace\lpc_board_ea_devkit_4088\Debug\liblpc_board_ea_devkit_4088.a(board_sysinit.o) (Chip_SetupXtalClocking)
C:\Users\B45511\Documents\MCUXpressoIDE_10.1.0_580_prc3\workspace\lpc_chip_40xx\Debug\liblpc_chip_40xx.a(uart_17xx_40xx.o)
                              C:\Users\B45511\Documents\MCUXpressoIDE_10.1.0_580_prc3\workspace\lpc_board_ea_devkit_4088\Debug\liblpc_board_ea_devkit_4088.a(board.o) (Chip_UART_Init)
C:\Users\B45511\Documents\MCUXpressoIDE_10.1.0_580_prc3\workspace\lpc_chip_40xx\Debug\liblpc_chip_40xx.a(ring_buffer.o)
                              C:\Users\B45511\Documents\MCUXpressoIDE_10.1.0_580_prc3\workspace\lpc_chip_40xx\Debug\liblpc_chip_40xx.a(uart_17xx_40xx.o) (RingBuffer_Insert)
c:/nxp/mcuxpressoide_10.1.0_580_prc3/ide/tools/bin/../lib/gcc/arm-none-eabi/6.3.1/../../../../arm-none-eabi/lib/thumb/v7e-m/fpv4-sp/softfp\libcr_nohost.a(_cr__main.o)
                              ./example/src/cr_startup_lpc40xx.o (__main)
[...]
Memory Configuration

Name             Origin             Length             Attributes
MFlash512        0x00000000         0x00080000         xr
RamLoc64         0x10000000         0x00010000         xrw
RamPeriph32      0x20000000         0x00008000         xrw
*default*        0x00000000         0xffffffff

Linker script and memory map

LOAD ./example/src/cr_startup_lpc40xx.o
LOAD ./example/src/enet.o
LOAD ./example/src/sysinit.o
LOAD C:\Users\B45511\Documents\MCUXpressoIDE_10.1.0_580_prc3\workspace\lpc_board_ea_devkit_4088\Debug\liblpc_board_ea_devkit_4088.a
LOAD C:\Users\B45511\Documents\MCUXpressoIDE_10.1.0_580_prc3\workspace\lpc_chip_40xx\Debug\liblpc_chip_40xx.a
START GROUP
LOAD c:/nxp/mcuxpressoide_10.1.0_580_prc3/ide/tools/bin/../lib/gcc/arm-none-eabi/6.3.1/../../../../arm-none-eabi/lib/thumb/v7e-m/fpv4-sp/softfp\libcr_nohost.a
LOAD c:/nxp/mcuxpressoide_10.1.0_580_prc3/ide/tools/bin/../lib/gcc/arm-none-eabi/6.3.1/../../../../arm-none-eabi/lib/thumb/v7e-m/fpv4-sp/softfp\libcr_c.a
LOAD c:/nxp/mcuxpressoide_10.1.0_580_prc3/ide/tools/bin/../lib/gcc/arm-none-eabi/6.3.1/thumb/v7e-m/fpv4-sp/softfp\libcr_eabihelpers.a
END GROUP
                0x00000000                __base_MFlash512 = 0x0
                0x00000000                __base_Flash = 0x0
                0x00080000                __top_MFlash512 = 0x80000
                0x00080000                __top_Flash = 0x80000
                0x10000000                __base_RamLoc64 = 0x10000000
                0x10000000                __base_RAM = 0x10000000
                0x10010000                __top_RamLoc64 = 0x10010000
                0x10010000                __top_RAM = 0x10010000
                0x20000000                __base_RamPeriph32 = 0x20000000
                0x20000000                __base_RAM2 = 0x20000000
                0x20008000                __top_RamPeriph32 = 0x20008000
                0x20008000                __top_RAM2 = 0x20008000

.text           0x00000000     0x4cec
 FILL mask 0xff
                0x00000000                __vectors_start__ = ABSOLUTE (.)
 *(.isr_vector)
 .isr_vector    0x00000000       0xe4 ./example/src/cr_startup_lpc40xx.o
                0x00000000                g_pfnVectors
                0x000000e4                . = ALIGN (0x4)
                0x000000e4                __section_table_start = .
                0x000000e4                __data_section_table = .
                0x000000e4        0x4 LONG 0x4cec LOADADDR (.data)
                0x000000e8        0x4 LONG 0x10000000 ADDR (.data)
                0x000000ec        0x4 LONG 0x10 SIZEOF (.data)
                0x000000f0        0x4 LONG 0x4cec LOADADDR (.data_RAM2)
                0x000000f4        0x4 LONG 0x20000000 ADDR (.data_RAM2)
                0x000000f8        0x4 LONG 0x0 SIZEOF (.data_RAM2)
                0x000000fc                __data_section_table_end = .
                0x000000fc                __bss_section_table = .
                0x000000fc        0x4 LONG 0x10000010 ADDR (.bss)
                0x00000100        0x4 LONG 0x210 SIZEOF (.bss)
                0x00000104        0x4 LONG 0x20000000 ADDR (.bss_RAM2)
                0x00000108        0x4 LONG 0x0 SIZEOF (.bss_RAM2)
                0x0000010c                __bss_section_table_end = .
                0x0000010c                __section_table_end = .
 *(.after_vectors*)
 .after_vectors
                0x0000010c      0x154 ./example/src/cr_startup_lpc40xx.o
                0x0000010c                data_init
                0x00000150                bss_init
                0x00000188                ResetISR
                0x00000220                NMI_Handler
                0x00000226                HardFault_Handler
                0x0000022c                MemManage_Handler
                0x00000232                BusFault_Handler
                0x00000238                UsageFault_Handler
                0x0000023e                SVC_Handler
                0x00000244                DebugMon_Handler
                0x0000024a                PendSV_Handler
                0x00000250                SysTick_Handler
                0x00000256                I2C1_IRQHandler
                0x00000256                EINT2_IRQHandler
                0x00000256                UART1_IRQHandler
                0x00000256                EINT3_IRQHandler
                0x00000256                CANActivity_IRQHandler
                0x00000256                TIMER3_IRQHandler
                0x00000256                UART0_IRQHandler
                0x00000256                I2C0_IRQHandler
                0x00000256                PWM1_IRQHandler
                0x00000256                IntDefaultHandler
                0x00000256                PLL0_IRQHandler
                0x00000256                CAN_IRQHandler
                0x00000256                PLL1_IRQHandler
                0x00000256                RIT_IRQHandler
                0x00000256                I2S_IRQHandler
                0x00000256                I2C2_IRQHandler
                0x00000256                RTC_IRQHandler
                0x00000256                TIMER0_IRQHandler
                0x00000256                SPI_IRQHandler
                0x00000256                LCD_IRQHandler
                0x00000256                SDIO_IRQHandler
                0x00000256                EINT1_IRQHandler
                0x00000256                TIMER1_IRQHandler
                0x00000256                UART2_IRQHandler
                0x00000256                UART4_IRQHandler
                0x00000256                ADC_IRQHandler
                0x00000256                SSP1_IRQHandler
                0x00000256                USB_IRQHandler
                0x00000256                BOD_IRQHandler
                0x00000256                TIMER2_IRQHandler
                0x00000256                WDT_IRQHandler
                0x00000256                USBActivity_IRQHandler
                0x00000256                QEI_IRQHandler
                0x00000256                EINT0_IRQHandler
                0x00000256                PWM0_IRQHandler
                0x00000256                SSP2_IRQHandler
                0x00000256                EEPROM_IRQHandler
                0x00000256                SSP0_IRQHandler
                0x00000256                DMA_IRQHandler
                0x00000256                GPIO_IRQHandler
                0x00000256                UART3_IRQHandler
                0x00000256                MCPWM_IRQHandler
 *(.text*)
 .text.NVIC_SystemReset
                0x00000260       0x28 ./example/src/enet.o
 .text.Chip_ENET_SetADDR
                0x00000288       0x50 ./example/src/enet.o
 .text.Chip_ENET_TXEnable
                0x000002d8       0x24 ./example/src/enet.o
 .text.Chip_ENET_RXEnable
                0x000002fc       0x30 ./example/src/enet.o
 .text.Chip_ENET_Set100Mbps
                0x0000032c       0x1c ./example/src/enet.o
 .text.Chip_ENET_Set10Mbps
                0x00000348       0x1a ./example/src/enet.o
 .text.Chip_ENET_GetTXConsumeIndex
                0x00000362       0x1c ./example/src/enet.o
 .text.Chip_ENET_GetRXProduceIndex
                0x0000037e       0x1c ./example/src/enet.o
 .text.localMsDelay
                0x0000039a       0x2e ./example/src/enet.o
 .text.InitDescriptors
                0x000003c8      0x134 ./example/src/enet.o
 .text.ENET_RXGet
                0x000004fc       0x78 ./example/src/enet.o
 .text.ENET_RXBuffClaim
                0x00000574       0x20 ./example/src/enet.o
 .text.ENET_TXBuffGet
                0x00000594       0x4c ./example/src/enet.o
 .text.ENET_TXQueue
                0x000005e0       0x4c ./example/src/enet.o
 .text.ENET_IsTXFinish
                0x0000062c       0x3c ./example/src/enet.o
 .text.ETH_IRQHandler
                0x00000668        0xe ./example/src/enet.o
                0x00000668                ETH_IRQHandler
 *fill*         0x00000676        0x2 ff
 .text.main     0x00000678      0x294 ./example/src/enet.o
                0x00000678                main
 .text.SystemInit
                0x0000090c       0x28 ./example/src/sysinit.o
                0x0000090c                SystemInit
 .text.Chip_IOCON_Init
                0x00000934       0x16 C:\Users\B45511\Documents\MCUXpressoIDE_10.1.0_580_prc3\workspace\lpc_board_ea_devkit_4088\Debug\liblpc_board_ea_devkit_4088.a(board.o)
 .text.Chip_IOCON_PinMuxSet
                0x0000094a       0x2e C:\Users\B45511\Documents\MCUXpressoIDE_10.1.0_580_prc3\workspace\lpc_board_ea_devkit_4088\Debug\liblpc_board_ea_devkit_4088.a(board.o)
 .text.Chip_GPIO_Init
                0x00000978       0x16 C:\Users\B45511\Documents\MCUXpressoIDE_10.1.0_580_prc3\workspace\lpc_board_ea_devkit_4088\Debug\liblpc_board_ea_devkit_4088.a(board.o)
 .text.Chip_GPIO_SetPinState
                0x0000098e       0x6a C:\Users\B45511\Documents\MCUXpressoIDE_10.1.0_580_prc3\workspace\lpc_board_ea_devkit_4088\Debug\liblpc_board_ea_devkit_4088.a(board.o)
 .text.Chip_GPIO_WritePortBit
                0x000009f8       0x2c C:\Users\B45511\Documents\MCUXpressoIDE_10.1.0_580_prc3\workspace\lpc_board_ea_devkit_4088\Debug\liblpc_board_ea_devkit_4088.a(board.o)
 .text.Chip_GPIO_SetPinDIROutput
                0x00000a24       0x3a C:\Users\B45511\Documents\MCUXpressoIDE_10.1.0_580_prc3\workspace\lpc_board_ea_devkit_4088\Debug\liblpc_board_ea_devkit_4088.a(board.o)
 .text.Chip_GPIO_SetPinDIRInput
                0x00000a5e       0x3c C:\Users\B45511\Documents\MCUXpressoIDE_10.1.0_580_prc3\workspace\lpc_board_ea_devkit_4088\Debug\liblpc_board_ea_devkit_4088.a(board.o)
 .text.Chip_GPIO_SetPinDIR
                0x00000a9a       0x42 C:\Users\B45511\Documents\MCUXpressoIDE_10.1.0_580_prc3\workspace\lpc_board_ea_devkit_4088\Debug\liblpc_board_ea_devkit_4088.a(board.o)
 .text.Chip_GPIO_WriteDirBit
                0x00000adc       0x2e C:\Users\B45511\Documents\MCUXpressoIDE_10.1.0_580_prc3\workspace\lpc_board_ea_devkit_4088\Debug\liblpc_board_ea_devkit_4088.a(board.o)
 .text.Chip_UART_SendByte
                0x00000b0a       0x1e C:\Users\B45511\Documents\MCUXpressoIDE_10.1.0_580_prc3\workspace\lpc_board_ea_devkit_4088\Debug\liblpc_board_ea_devkit_4088.a(board.o)
 .text.Chip_UART_ReadByte
                0x00000b28       0x1a C:\Users\B45511\Documents\MCUXpressoIDE_10.1.0_580_prc3\workspace\lpc_board_ea_devkit_4088\Debug\liblpc_board_ea_devkit_4088.a(board.o)
 .text.Chip_UART_ConfigData
                0x00000b42       0x1c C:\Users\B45511\Documents\MCUXpressoIDE_10.1.0_580_prc3\workspace\lpc_board_ea_devkit_4088\Debug\liblpc_board_ea_devkit_4088.a(board.o)
 .text.Chip_UART_ReadLineStatus
                0x00000b5e       0x18 C:\Users\B45511\Documents\MCUXpressoIDE_10.1.0_580_prc3\workspace\lpc_board_ea_devkit_4088\Debug\liblpc_board_ea_devkit_4088.a(board.o)
 .text.__sys_write
                0x00000b76       0x38 C:\Users\B45511\Documents\MCUXpressoIDE_10.1.0_580_prc3\workspace\lpc_board_ea_devkit_4088\Debug\liblpc_board_ea_devkit_4088.a(board.o)
                0x00000b76                __sys_write
 *fill*         0x00000bae        0x2 ff
 .text.Board_LED_Init
                0x00000bb0       0x4c C:\Users\B45511\Documents\MCUXpressoIDE_10.1.0_580_prc3\workspace\lpc_board_ea_devkit_4088\Debug\liblpc_board_ea_devkit_4088.a(board.o)
 .text.Board_UART_Init
                0x00000bfc       0x60 C:\Users\B45511\Documents\MCUXpressoIDE_10.1.0_580_prc3\workspace\lpc_board_ea_devkit_4088\Debug\liblpc_board_ea_devkit_4088.a(board.o)
                0x00000bfc                Board_UART_Init
 .text.Board_Debug_Init
                0x00000c5c       0x30 C:\Users\B45511\Documents\MCUXpressoIDE_10.1.0_580_prc3\workspace\lpc_board_ea_devkit_4088\Debug\liblpc_board_ea_devkit_4088.a(board.o)
                0x00000c5c                Board_Debug_Init
 .text.Board_UARTPutChar
                0x00000c8c       0x34 C:\Users\B45511\Documents\MCUXpressoIDE_10.1.0_580_prc3\workspace\lpc_board_ea_devkit_4088\Debug\liblpc_board_ea_devkit_4088.a(board.o)
                0x00000c8c                Board_UARTPutChar
 .text.Board_UARTGetChar
                0x00000cc0       0x2c C:\Users\B45511\Documents\MCUXpressoIDE_10.1.0_580_prc3\workspace\lpc_board_ea_devkit_4088\Debug\liblpc_board_ea_devkit_4088.a(board.o)
                0x00000cc0                Board_UARTGetChar
 .text.Board_LED_Set
                0x00000cec       0x54 C:\Users\B45511\Documents\MCUXpressoIDE_10.1.0_580_prc3\workspace\lpc_board_ea_devkit_4088\Debug\liblpc_board_ea_devkit_4088.a(board.o)
                0x00000cec                Board_LED_Set
 .text.Board_ENET_GetMacADDR
                0x00000d40       0x34 C:\Users\B45511\Documents\MCUXpressoIDE_10.1.0_580_prc3\workspace\lpc_board_ea_devkit_4088\Debug\liblpc_board_ea_devkit_4088.a(board.o)
                0x00000d40                Board_ENET_GetMacADDR
 .text.Board_Init
                0x00000d74       0x24 C:\Users\B45511\Documents\MCUXpressoIDE_10.1.0_580_prc3\workspace\lpc_board_ea_devkit_4088\Debug\liblpc_board_ea_devkit_4088.a(board.o)
                0x00000d74                Board_Init
 .text.Chip_SYSCTL_EnableBoost
                0x00000d98       0x1c C:\Users\B45511\Documents\MCUXpressoIDE_10.1.0_580_prc3\workspace\lpc_board_ea_devkit_4088\Debug\liblpc_board_ea_devkit_4088.a(board_sysinit.o)
 .text.Chip_Clock_SetEMCClockDiv
                0x00000db4       0x24 C:\Users\B45511\Documents\MCUXpressoIDE_10.1.0_580_prc3\workspace\lpc_board_ea_devkit_4088\Debug\liblpc_board_ea_devkit_4088.a(board_sysinit.o)
 .text.Chip_IOCON_PinMuxSet
                0x00000dd8       0x2e C:\Users\B45511\Documents\MCUXpressoIDE_10.1.0_580_prc3\workspace\lpc_board_ea_devkit_4088\Debug\liblpc_board_ea_devkit_4088.a(board_sysinit.o)
 *fill*         0x00000e06        0x2 ff
 .text.Board_SetupMuxing
                0x00000e08       0x84 C:\Users\B45511\Documents\MCUXpressoIDE_10.1.0_580_prc3\workspace\lpc_board_ea_devkit_4088\Debug\liblpc_board_ea_devkit_4088.a(board_sysinit.o)
                0x00000e08                Board_SetupMuxing
 .text.Board_SetupClocking
                0x00000e8c       0x1c C:\Users\B45511\Documents\MCUXpressoIDE_10.1.0_580_prc3\workspace\lpc_board_ea_devkit_4088\Debug\liblpc_board_ea_devkit_4088.a(board_sysinit.o)
                0x00000e8c                Board_SetupClocking
 .text.Board_SetupExtMemory
                0x00000ea8       0x5c C:\Users\B45511\Documents\MCUXpressoIDE_10.1.0_580_prc3\workspace\lpc_board_ea_devkit_4088\Debug\liblpc_board_ea_devkit_4088.a(board_sysinit.o)
                0x00000ea8                Board_SetupExtMemory
 .text.Board_SystemInit
                0x00000f04       0x14 C:\Users\B45511\Documents\MCUXpressoIDE_10.1.0_580_prc3\workspace\lpc_board_ea_devkit_4088\Debug\liblpc_board_ea_devkit_4088.a(board_sysinit.o)
                0x00000f04                Board_SystemInit
 .text.Chip_ENET_IsMIIBusy
                0x00000f18       0x26 C:\Users\B45511\Documents\MCUXpressoIDE_10.1.0_580_prc3\workspace\lpc_board_ea_devkit_4088\Debug\liblpc_board_ea_devkit_4088.a(lpc_phy_smsc87x0.o)
 *fill*         0x00000f3e        0x2 ff
 .text.lpc_mii_write
                0x00000f40       0x64 C:\Users\B45511\Documents\MCUXpressoIDE_10.1.0_580_prc3\workspace\lpc_board_ea_devkit_4088\Debug\liblpc_board_ea_devkit_4088.a(lpc_phy_smsc87x0.o)
 .text.lpc_mii_read
                0x00000fa4       0x70 C:\Users\B45511\Documents\MCUXpressoIDE_10.1.0_580_prc3\workspace\lpc_board_ea_devkit_4088\Debug\liblpc_board_ea_devkit_4088.a(lpc_phy_smsc87x0.o)
 .text.smsc_update_phy_sts
                0x00001014       0xe8 C:\Users\B45511\Documents\MCUXpressoIDE_10.1.0_580_prc3\workspace\lpc_board_ea_devkit_4088\Debug\liblpc_board_ea_devkit_4088.a(lpc_phy_smsc87x0.o)
 .text.lpc_phy_init
                0x000010fc       0xac C:\Users\B45511\Documents\MCUXpressoIDE_10.1.0_580_prc3\workspace\lpc_board_ea_devkit_4088\Debug\liblpc_board_ea_devkit_4088.a(lpc_phy_smsc87x0.o)
                0x000010fc                lpc_phy_init
 .text.Powerdown_PHY
                0x000011a8       0x12 C:\Users\B45511\Documents\MCUXpressoIDE_10.1.0_580_prc3\workspace\lpc_board_ea_devkit_4088\Debug\liblpc_board_ea_devkit_4088.a(lpc_phy_smsc87x0.o)
                0x000011a8                Powerdown_PHY
 *fill*         0x000011ba        0x2 ff
 .text.lpcPHYStsPoll
                0x000011bc       0xc0 C:\Users\B45511\Documents\MCUXpressoIDE_10.1.0_580_prc3\workspace\lpc_board_ea_devkit_4088\Debug\liblpc_board_ea_devkit_4088.a(lpc_phy_smsc87x0.o)
                0x000011bc                lpcPHYStsPoll
 .text.SystemCoreClockUpdate
                0x0000127c       0x18 C:\Users\B45511\Documents\MCUXpressoIDE_10.1.0_580_prc3\workspace\lpc_chip_40xx\Debug\liblpc_chip_40xx.a(chip_17xx_40xx.o)
                0x0000127c                SystemCoreClockUpdate
 .text.Chip_Clock_IsMainPLLEnabled
                0x00001294       0x28 C:\Users\B45511\Documents\MCUXpressoIDE_10.1.0_580_prc3\workspace\lpc_chip_40xx\Debug\liblpc_chip_40xx.a(clock_17xx_40xx.o)
 .text.Chip_Clock_FeedPLL
                0x000012bc       0x38 C:\Users\B45511\Documents\MCUXpressoIDE_10.1.0_580_prc3\workspace\lpc_chip_40xx\Debug\liblpc_chip_40xx.a(clock_17xx_40xx.o)
 .text.Chip_Clock_GetMainPLLSource
                0x000012f4       0x20 C:\Users\B45511\Documents\MCUXpressoIDE_10.1.0_580_prc3\workspace\lpc_chip_40xx\Debug\liblpc_chip_40xx.a(clock_17xx_40xx.o)
 .text.Chip_Clock_GetPCLKDiv
                0x00001314       0x1c C:\Users\B45511\Documents\MCUXpressoIDE_10.1.0_580_prc3\workspace\lpc_chip_40xx\Debug\liblpc_chip_40xx.a(clock_17xx_40xx.o)
 .text.Chip_Clock_GetMainOscRate
                0x00001330       0x18 C:\Users\B45511\Documents\MCUXpressoIDE_10.1.0_580_prc3\workspace\lpc_chip_40xx\Debug\liblpc_chip_40xx.a(clock_17xx_40xx.o)
 .text.Chip_Clock_GetIntOscRate
                0x00001348       0x14 C:\Users\B45511\Documents\MCUXpressoIDE_10.1.0_580_prc3\workspace\lpc_chip_40xx\Debug\liblpc_chip_40xx.a(clock_17xx_40xx.o)
 .text.Chip_Clock_GetMainPLLInClockRate
                0x0000135c        0xe C:\Users\B45511\Documents\MCUXpressoIDE_10.1.0_580_prc3\workspace\lpc_chip_40xx\Debug\liblpc_chip_40xx.a(clock_17xx_40xx.o)
 *fill*         0x0000136a        0x2 ff
 .text.Chip_Clock_EnablePLL
                0x0000136c       0x44 C:\Users\B45511\Documents\MCUXpressoIDE_10.1.0_580_prc3\workspace\lpc_chip_40xx\Debug\liblpc_chip_40xx.a(clock_17xx_40xx.o)
                0x0000136c                Chip_Clock_EnablePLL
 .text.Chip_Clock_DisablePLL
                0x000013b0       0x48 C:\Users\B45511\Documents\MCUXpressoIDE_10.1.0_580_prc3\workspace\lpc_chip_40xx\Debug\liblpc_chip_40xx.a(clock_17xx_40xx.o)
                0x000013b0                Chip_Clock_DisablePLL
 .text.Chip_Clock_SetupPLL
                0x000013f8       0x4c C:\Users\B45511\Documents\MCUXpressoIDE_10.1.0_580_prc3\workspace\lpc_chip_40xx\Debug\liblpc_chip_40xx.a(clock_17xx_40xx.o)
                0x000013f8                Chip_Clock_SetupPLL
 .text.Chip_Clock_EnablePeriphClock
                0x00001444       0x54 C:\Users\B45511\Documents\MCUXpressoIDE_10.1.0_580_prc3\workspace\lpc_chip_40xx\Debug\liblpc_chip_40xx.a(clock_17xx_40xx.o)
                0x00001444                Chip_Clock_EnablePeriphClock
 .text.Chip_Clock_SetCPUClockSource
                0x00001498       0x44 C:\Users\B45511\Documents\MCUXpressoIDE_10.1.0_580_prc3\workspace\lpc_chip_40xx\Debug\liblpc_chip_40xx.a(clock_17xx_40xx.o)
                0x00001498                Chip_Clock_SetCPUClockSource
 .text.Chip_Clock_GetCPUClockSource
                0x000014dc       0x30 C:\Users\B45511\Documents\MCUXpressoIDE_10.1.0_580_prc3\workspace\lpc_chip_40xx\Debug\liblpc_chip_40xx.a(clock_17xx_40xx.o)
                0x000014dc                Chip_Clock_GetCPUClockSource
 .text.Chip_Clock_SetCPUClockDiv
                0x0000150c       0x30 C:\Users\B45511\Documents\MCUXpressoIDE_10.1.0_580_prc3\workspace\lpc_chip_40xx\Debug\liblpc_chip_40xx.a(clock_17xx_40xx.o)
                0x0000150c                Chip_Clock_SetCPUClockDiv
 .text.Chip_Clock_GetCPUClockDiv
                0x0000153c       0x1c C:\Users\B45511\Documents\MCUXpressoIDE_10.1.0_580_prc3\workspace\lpc_chip_40xx\Debug\liblpc_chip_40xx.a(clock_17xx_40xx.o)
                0x0000153c                Chip_Clock_GetCPUClockDiv
 .text.Chip_Clock_GetSYSCLKRate
                0x00001558       0x2a C:\Users\B45511\Documents\MCUXpressoIDE_10.1.0_580_prc3\workspace\lpc_chip_40xx\Debug\liblpc_chip_40xx.a(clock_17xx_40xx.o)
                0x00001558                Chip_Clock_GetSYSCLKRate
 *fill*         0x00001582        0x2 ff
 .text.Chip_Clock_GetMainPLLOutClockRate
                0x00001584       0x40 C:\Users\B45511\Documents\MCUXpressoIDE_10.1.0_580_prc3\workspace\lpc_chip_40xx\Debug\liblpc_chip_40xx.a(clock_17xx_40xx.o)
                0x00001584                Chip_Clock_GetMainPLLOutClockRate
 .text.Chip_Clock_GetMainClockRate
                0x000015c4       0x28 C:\Users\B45511\Documents\MCUXpressoIDE_10.1.0_580_prc3\workspace\lpc_chip_40xx\Debug\liblpc_chip_40xx.a(clock_17xx_40xx.o)
                0x000015c4                Chip_Clock_GetMainClockRate
 .text.Chip_Clock_GetSystemClockRate
                0x000015ec       0x18 C:\Users\B45511\Documents\MCUXpressoIDE_10.1.0_580_prc3\workspace\lpc_chip_40xx\Debug\liblpc_chip_40xx.a(clock_17xx_40xx.o)
                0x000015ec                Chip_Clock_GetSystemClockRate
 .text.Chip_Clock_SetSPIFIClockSource
                0x00001604       0x34 C:\Users\B45511\Documents\MCUXpressoIDE_10.1.0_580_prc3\workspace\lpc_chip_40xx\Debug\liblpc_chip_40xx.a(clock_17xx_40xx.o)
                0x00001604                Chip_Clock_SetSPIFIClockSource
 .text.Chip_Clock_SetSPIFIClockDiv
                0x00001638       0x30 C:\Users\B45511\Documents\MCUXpressoIDE_10.1.0_580_prc3\workspace\lpc_chip_40xx\Debug\liblpc_chip_40xx.a(clock_17xx_40xx.o)
                0x00001638                Chip_Clock_SetSPIFIClockDiv
 .text.Chip_Clock_GetPeripheralClockRate
                0x00001668       0x2e C:\Users\B45511\Documents\MCUXpressoIDE_10.1.0_580_prc3\workspace\lpc_chip_40xx\Debug\liblpc_chip_40xx.a(clock_17xx_40xx.o)
                0x00001668                Chip_Clock_GetPeripheralClockRate
 *fill*         0x00001696        0x2 ff
 .text.Chip_Clock_GetEMCClockDiv
                0x00001698       0x1c C:\Users\B45511\Documents\MCUXpressoIDE_10.1.0_580_prc3\workspace\lpc_chip_40xx\Debug\liblpc_chip_40xx.a(emc_17xx_40xx.o)
 .text.Chip_Clock_GetEMCClockRate
                0x000016b4       0x18 C:\Users\B45511\Documents\MCUXpressoIDE_10.1.0_580_prc3\workspace\lpc_chip_40xx\Debug\liblpc_chip_40xx.a(emc_17xx_40xx.o)
 .text.convertTimmingParam
                0x000016cc       0x6c C:\Users\B45511\Documents\MCUXpressoIDE_10.1.0_580_prc3\workspace\lpc_chip_40xx\Debug\liblpc_chip_40xx.a(emc_17xx_40xx.o)
 .text.getColsLen
                0x00001738       0x4e C:\Users\B45511\Documents\MCUXpressoIDE_10.1.0_580_prc3\workspace\lpc_chip_40xx\Debug\liblpc_chip_40xx.a(emc_17xx_40xx.o)
 .text.initDynMem
                0x00001786      0x292 C:\Users\B45511\Documents\MCUXpressoIDE_10.1.0_580_prc3\workspace\lpc_chip_40xx\Debug\liblpc_chip_40xx.a(emc_17xx_40xx.o)
                0x00001786                initDynMem
 .text.initStaticMem
                0x00001a18       0xb0 C:\Users\B45511\Documents\MCUXpressoIDE_10.1.0_580_prc3\workspace\lpc_chip_40xx\Debug\liblpc_chip_40xx.a(emc_17xx_40xx.o)
                0x00001a18                initStaticMem
 .text.Chip_EMC_Dynamic_Init
                0x00001ac8       0x24 C:\Users\B45511\Documents\MCUXpressoIDE_10.1.0_580_prc3\workspace\lpc_chip_40xx\Debug\liblpc_chip_40xx.a(emc_17xx_40xx.o)
                0x00001ac8                Chip_EMC_Dynamic_Init
 .text.Chip_EMC_Static_Init
                0x00001aec       0x24 C:\Users\B45511\Documents\MCUXpressoIDE_10.1.0_580_prc3\workspace\lpc_chip_40xx\Debug\liblpc_chip_40xx.a(emc_17xx_40xx.o)
                0x00001aec                Chip_EMC_Static_Init
 .text.Chip_EMC_Init
                0x00001b10       0x50 C:\Users\B45511\Documents\MCUXpressoIDE_10.1.0_580_prc3\workspace\lpc_chip_40xx\Debug\liblpc_chip_40xx.a(emc_17xx_40xx.o)
                0x00001b10                Chip_EMC_Init
 .text.Chip_Clock_GetENETClockRate
                0x00001b60        0xe C:\Users\B45511\Documents\MCUXpressoIDE_10.1.0_580_prc3\workspace\lpc_chip_40xx\Debug\liblpc_chip_40xx.a(enet_17xx_40xx.o)
 .text.Chip_ENET_Reset
                0x00001b6e       0x24 C:\Users\B45511\Documents\MCUXpressoIDE_10.1.0_580_prc3\workspace\lpc_chip_40xx\Debug\liblpc_chip_40xx.a(enet_17xx_40xx.o)
 .text.resetENET
                0x00001b92       0x2e C:\Users\B45511\Documents\MCUXpressoIDE_10.1.0_580_prc3\workspace\lpc_chip_40xx\Debug\liblpc_chip_40xx.a(enet_17xx_40xx.o)
 .text.Chip_ENET_Init
                0x00001bc0       0x8e C:\Users\B45511\Documents\MCUXpressoIDE_10.1.0_580_prc3\workspace\lpc_chip_40xx\Debug\liblpc_chip_40xx.a(enet_17xx_40xx.o)
                0x00001bc0                Chip_ENET_Init
 *fill*         0x00001c4e        0x2 ff
 .text.Chip_ENET_SetupMII
                0x00001c50       0x48 C:\Users\B45511\Documents\MCUXpressoIDE_10.1.0_580_prc3\workspace\lpc_chip_40xx\Debug\liblpc_chip_40xx.a(enet_17xx_40xx.o)
                0x00001c50                Chip_ENET_SetupMII
 .text.Chip_ENET_FindMIIDiv
                0x00001c98       0x50 C:\Users\B45511\Documents\MCUXpressoIDE_10.1.0_580_prc3\workspace\lpc_chip_40xx\Debug\liblpc_chip_40xx.a(enet_17xx_40xx.o)
                0x00001c98                Chip_ENET_FindMIIDiv
 .text.Chip_ENET_StartMIIWrite
                0x00001ce8       0x3c C:\Users\B45511\Documents\MCUXpressoIDE_10.1.0_580_prc3\workspace\lpc_chip_40xx\Debug\liblpc_chip_40xx.a(enet_17xx_40xx.o)
                0x00001ce8                Chip_ENET_StartMIIWrite
 .text.Chip_ENET_StartMIIRead
                0x00001d24       0x34 C:\Users\B45511\Documents\MCUXpressoIDE_10.1.0_580_prc3\workspace\lpc_chip_40xx\Debug\liblpc_chip_40xx.a(enet_17xx_40xx.o)
                0x00001d24                Chip_ENET_StartMIIRead
 .text.Chip_ENET_ReadMIIData
                0x00001d58       0x20 C:\Users\B45511\Documents\MCUXpressoIDE_10.1.0_580_prc3\workspace\lpc_chip_40xx\Debug\liblpc_chip_40xx.a(enet_17xx_40xx.o)
                0x00001d58                Chip_ENET_ReadMIIData
 .text.Chip_ENET_SetFullDuplex
                0x00001d78       0x36 C:\Users\B45511\Documents\MCUXpressoIDE_10.1.0_580_prc3\workspace\lpc_chip_40xx\Debug\liblpc_chip_40xx.a(enet_17xx_40xx.o)
                0x00001d78                Chip_ENET_SetFullDuplex
 .text.Chip_ENET_SetHalfDuplex
                0x00001dae       0x36 C:\Users\B45511\Documents\MCUXpressoIDE_10.1.0_580_prc3\workspace\lpc_chip_40xx\Debug\liblpc_chip_40xx.a(enet_17xx_40xx.o)
                0x00001dae                Chip_ENET_SetHalfDuplex
 .text.Chip_ENET_InitTxDescriptors
                0x00001de4       0x3c C:\Users\B45511\Documents\MCUXpressoIDE_10.1.0_580_prc3\workspace\lpc_chip_40xx\Debug\liblpc_chip_40xx.a(enet_17xx_40xx.o)
                0x00001de4                Chip_ENET_InitTxDescriptors
 .text.Chip_ENET_InitRxDescriptors
                0x00001e20       0x3c C:\Users\B45511\Documents\MCUXpressoIDE_10.1.0_580_prc3\workspace\lpc_chip_40xx\Debug\liblpc_chip_40xx.a(enet_17xx_40xx.o)
                0x00001e20                Chip_ENET_InitRxDescriptors
 .text.Chip_ENET_GetBufferStatus
                0x00001e5c       0x56 C:\Users\B45511\Documents\MCUXpressoIDE_10.1.0_580_prc3\workspace\lpc_chip_40xx\Debug\liblpc_chip_40xx.a(enet_17xx_40xx.o)
                0x00001e5c                Chip_ENET_GetBufferStatus
 .text.Chip_ENET_IncTXProduceIndex
                0x00001eb2       0x3e C:\Users\B45511\Documents\MCUXpressoIDE_10.1.0_580_prc3\workspace\lpc_chip_40xx\Debug\liblpc_chip_40xx.a(enet_17xx_40xx.o)
                0x00001eb2                Chip_ENET_IncTXProduceIndex
 .text.Chip_ENET_IncRXConsumeIndex
                0x00001ef0       0x3e C:\Users\B45511\Documents\MCUXpressoIDE_10.1.0_580_prc3\workspace\lpc_chip_40xx\Debug\liblpc_chip_40xx.a(enet_17xx_40xx.o)
                0x00001ef0                Chip_ENET_IncRXConsumeIndex
 *fill*         0x00001f2e        0x2 ff
 .text.fpuInit  0x00001f30       0x74 C:\Users\B45511\Documents\MCUXpressoIDE_10.1.0_580_prc3\workspace\lpc_chip_40xx\Debug\liblpc_chip_40xx.a(fpu_init.o)
                0x00001f30                fpuInit
 .text.Chip_IOCON_PinMuxSet
                0x00001fa4       0x2e C:\Users\B45511\Documents\MCUXpressoIDE_10.1.0_580_prc3\workspace\lpc_chip_40xx\Debug\liblpc_chip_40xx.a(iocon_17xx_40xx.o)
 .text.Chip_IOCON_SetPinMuxing
                0x00001fd2       0x62 C:\Users\B45511\Documents\MCUXpressoIDE_10.1.0_580_prc3\workspace\lpc_chip_40xx\Debug\liblpc_chip_40xx.a(iocon_17xx_40xx.o)
                0x00001fd2                Chip_IOCON_SetPinMuxing
 .text.Chip_SYSCTL_PeriphReset
                0x00002034       0x68 C:\Users\B45511\Documents\MCUXpressoIDE_10.1.0_580_prc3\workspace\lpc_chip_40xx\Debug\liblpc_chip_40xx.a(sysctl_17xx_40xx.o)
                0x00002034                Chip_SYSCTL_PeriphReset
 .text.Chip_Clock_IsMainPLLEnabled
                0x0000209c       0x28 C:\Users\B45511\Documents\MCUXpressoIDE_10.1.0_580_prc3\workspace\lpc_chip_40xx\Debug\liblpc_chip_40xx.a(sysinit_17xx_40xx.o)
 .text.Chip_Clock_IsMainPLLLocked
                0x000020c4       0x28 C:\Users\B45511\Documents\MCUXpressoIDE_10.1.0_580_prc3\workspace\lpc_chip_40xx\Debug\liblpc_chip_40xx.a(sysinit_17xx_40xx.o)
 .text.Chip_Clock_EnableCrystal
                0x000020ec       0x24 C:\Users\B45511\Documents\MCUXpressoIDE_10.1.0_580_prc3\workspace\lpc_chip_40xx\Debug\liblpc_chip_40xx.a(sysinit_17xx_40xx.o)
 .text.Chip_Clock_IsCrystalEnabled
                0x00002110       0x28 C:\Users\B45511\Documents\MCUXpressoIDE_10.1.0_580_prc3\workspace\lpc_chip_40xx\Debug\liblpc_chip_40xx.a(sysinit_17xx_40xx.o)
 .text.Chip_Clock_SetMainPLLSource
                0x00002138       0x24 C:\Users\B45511\Documents\MCUXpressoIDE_10.1.0_580_prc3\workspace\lpc_chip_40xx\Debug\liblpc_chip_40xx.a(sysinit_17xx_40xx.o)
 .text.Chip_Clock_SetPCLKDiv
                0x0000215c       0x20 C:\Users\B45511\Documents\MCUXpressoIDE_10.1.0_580_prc3\workspace\lpc_chip_40xx\Debug\liblpc_chip_40xx.a(sysinit_17xx_40xx.o)
 .text.Chip_SetupXtalClocking
                0x0000217c       0x82 C:\Users\B45511\Documents\MCUXpressoIDE_10.1.0_580_prc3\workspace\lpc_chip_40xx\Debug\liblpc_chip_40xx.a(sysinit_17xx_40xx.o)
                0x0000217c                Chip_SetupXtalClocking
 .text.Chip_UART_SetupFIFOS
                0x000021fe       0x1c C:\Users\B45511\Documents\MCUXpressoIDE_10.1.0_580_prc3\workspace\lpc_chip_40xx\Debug\liblpc_chip_40xx.a(uart_17xx_40xx.o)
 .text.Chip_UART_ConfigData
                0x0000221a       0x1c C:\Users\B45511\Documents\MCUXpressoIDE_10.1.0_580_prc3\workspace\lpc_chip_40xx\Debug\liblpc_chip_40xx.a(uart_17xx_40xx.o)
 .text.Chip_UART_EnableDivisorAccess
                0x00002236       0x20 C:\Users\B45511\Documents\MCUXpressoIDE_10.1.0_580_prc3\workspace\lpc_chip_40xx\Debug\liblpc_chip_40xx.a(uart_17xx_40xx.o)
 .text.Chip_UART_DisableDivisorAccess
                0x00002256       0x20 C:\Users\B45511\Documents\MCUXpressoIDE_10.1.0_580_prc3\workspace\lpc_chip_40xx\Debug\liblpc_chip_40xx.a(uart_17xx_40xx.o)
 .text.Chip_UART_SetDivisorLatches
                0x00002276       0x28 C:\Users\B45511\Documents\MCUXpressoIDE_10.1.0_580_prc3\workspace\lpc_chip_40xx\Debug\liblpc_chip_40xx.a(uart_17xx_40xx.o)
 *fill*         0x0000229e        0x2 ff
 .text.Chip_UART_GetClockIndex
                0x000022a0       0x64 C:\Users\B45511\Documents\MCUXpressoIDE_10.1.0_580_prc3\workspace\lpc_chip_40xx\Debug\liblpc_chip_40xx.a(uart_17xx_40xx.o)
 .text.Chip_UART_Init
                0x00002304       0x78 C:\Users\B45511\Documents\MCUXpressoIDE_10.1.0_580_prc3\workspace\lpc_chip_40xx\Debug\liblpc_chip_40xx.a(uart_17xx_40xx.o)
                0x00002304                Chip_UART_Init
 .text.Chip_UART_TXEnable
                0x0000237c       0x30 C:\Users\B45511\Documents\MCUXpressoIDE_10.1.0_580_prc3\workspace\lpc_chip_40xx\Debug\liblpc_chip_40xx.a(uart_17xx_40xx.o)
                0x0000237c                Chip_UART_TXEnable
 .text.Chip_UART_TXDisable
                0x000023ac       0x30 C:\Users\B45511\Documents\MCUXpressoIDE_10.1.0_580_prc3\workspace\lpc_chip_40xx\Debug\liblpc_chip_40xx.a(uart_17xx_40xx.o)
                0x000023ac                Chip_UART_TXDisable
 .text.Chip_UART_SetBaud
                0x000023dc       0x58 C:\Users\B45511\Documents\MCUXpressoIDE_10.1.0_580_prc3\workspace\lpc_chip_40xx\Debug\liblpc_chip_40xx.a(uart_17xx_40xx.o)
                0x000023dc                Chip_UART_SetBaud
 .text.__main   0x00002434        0xe c:/nxp/mcuxpressoide_10.1.0_580_prc3/ide/tools/bin/../lib/gcc/arm-none-eabi/6.3.1/../../../../arm-none-eabi/lib/thumb/v7e-m/fpv4-sp/softfp\libcr_nohost.a(_cr__main.o)
                0x00002434                __main
 .text.memcpy   0x00002442        0x4 c:/nxp/mcuxpressoide_10.1.0_580_prc3/ide/tools/bin/../lib/gcc/arm-none-eabi/6.3.1/../../../../arm-none-eabi/lib/thumb/v7e-m/fpv4-sp/softfp\libcr_c.a(memcpy.o)
                0x00002442                memcpy
 .text.memset   0x00002446        0x4 c:/nxp/mcuxpressoide_10.1.0_580_prc3/ide/tools/bin/../lib/gcc/arm-none-eabi/6.3.1/../../../../arm-none-eabi/lib/thumb/v7e-m/fpv4-sp/softfp\libcr_c.a(memset.o)
                0x00002446                memset
 .text.fp_round
                0x0000244a       0x4e c:/nxp/mcuxpressoide_10.1.0_580_prc3/ide/tools/bin/../lib/gcc/arm-none-eabi/6.3.1/../../../../arm-none-eabi/lib/thumb/v7e-m/fpv4-sp/softfp\libcr_c.a(fpprintf.o)
 .text.pr_dec.constprop.1
                0x00002498       0x26 c:/nxp/mcuxpressoide_10.1.0_580_prc3/ide/tools/bin/../lib/gcc/arm-none-eabi/6.3.1/../../../../arm-none-eabi/lib/thumb/v7e-m/fpv4-sp/softfp\libcr_c.a(fpprintf.o)
 *fill*         0x000024be        0x2 ff
 .text.sprintf  0x000024c0       0x6c c:/nxp/mcuxpressoide_10.1.0_580_prc3/ide/tools/bin/../lib/gcc/arm-none-eabi/6.3.1/../../../../arm-none-eabi/lib/thumb/v7e-m/fpv4-sp/softfp\libcr_c.a(fpprintf.o)
                0x000024c0                sprintf
 *fill*         0x0000252c        0x4 ff
 .text.fp_display
                0x00002530      0x964 c:/nxp/mcuxpressoide_10.1.0_580_prc3/ide/tools/bin/../lib/gcc/arm-none-eabi/6.3.1/../../../../arm-none-eabi/lib/thumb/v7e-m/fpv4-sp/softfp\libcr_c.a(fpprintf.o)
 .text.vsnprintf
                0x00002e94       0x5c c:/nxp/mcuxpressoide_10.1.0_580_prc3/ide/tools/bin/../lib/gcc/arm-none-eabi/6.3.1/../../../../arm-none-eabi/lib/thumb/v7e-m/fpv4-sp/softfp\libcr_c.a(fpprintf.o)
                0x00002e94                vsnprintf
 .text.printf   0x00002ef0       0x54 c:/nxp/mcuxpressoide_10.1.0_580_prc3/ide/tools/bin/../lib/gcc/arm-none-eabi/6.3.1/../../../../arm-none-eabi/lib/thumb/v7e-m/fpv4-sp/softfp\libcr_c.a(fpprintf.o)
                0x00002ef0                printf
 .text._initio  0x00002f44       0x78 c:/nxp/mcuxpressoide_10.1.0_580_prc3/ide/tools/bin/../lib/gcc/arm-none-eabi/6.3.1/../../../../arm-none-eabi/lib/thumb/v7e-m/fpv4-sp/softfp\libcr_c.a(initio.o)
                0x00002f44                _initio
 .text.__vfprintf
                0x00002fbc      0xb7c c:/nxp/mcuxpressoide_10.1.0_580_prc3/ide/tools/bin/../lib/gcc/arm-none-eabi/6.3.1/../../../../arm-none-eabi/lib/thumb/v7e-m/fpv4-sp/softfp\libcr_c.a(printf.o)
                0x00002fbc                __vfprintf
 .text.setvbuf  0x00003b38       0x40 c:/nxp/mcuxpressoide_10.1.0_580_prc3/ide/tools/bin/../lib/gcc/arm-none-eabi/6.3.1/../../../../arm-none-eabi/lib/thumb/v7e-m/fpv4-sp/softfp\libcr_c.a(setvbuf.o)
                0x00003b38                setvbuf
 .text.strlen   0x00003b78       0x4a c:/nxp/mcuxpressoide_10.1.0_580_prc3/ide/tools/bin/../lib/gcc/arm-none-eabi/6.3.1/../../../../arm-none-eabi/lib/thumb/v7e-m/fpv4-sp/softfp\libcr_c.a(strlen.o)
                0x00003b78                strlen
 .text._deferredlazyseek
                0x00003bc2       0x40 c:/nxp/mcuxpressoide_10.1.0_580_prc3/ide/tools/bin/../lib/gcc/arm-none-eabi/6.3.1/../../../../arm-none-eabi/lib/thumb/v7e-m/fpv4-sp/softfp\libcr_c.a(_deferredlazyseek.o)
                0x00003bc2                _deferredlazyseek
 .text.__flsbuf
                0x00003c02      0x148 c:/nxp/mcuxpressoide_10.1.0_580_prc3/ide/tools/bin/../lib/gcc/arm-none-eabi/6.3.1/../../../../arm-none-eabi/lib/thumb/v7e-m/fpv4-sp/softfp\libcr_c.a(_deferredlazyseek.o)
                0x00003c02                __flsbuf
 .text._fdopen  0x00003d4a       0x68 c:/nxp/mcuxpressoide_10.1.0_580_prc3/ide/tools/bin/../lib/gcc/arm-none-eabi/6.3.1/../../../../arm-none-eabi/lib/thumb/v7e-m/fpv4-sp/softfp\libcr_c.a(_fdopen.o)
                0x00003d4a                _fdopen
 .text._fflush  0x00003db2       0x54 c:/nxp/mcuxpressoide_10.1.0_580_prc3/ide/tools/bin/../lib/gcc/arm-none-eabi/6.3.1/../../../../arm-none-eabi/lib/thumb/v7e-m/fpv4-sp/softfp\libcr_c.a(_fflush.o)
                0x00003db2                _fflush
 .text._frexpl  0x00003e06       0x58 c:/nxp/mcuxpressoide_10.1.0_580_prc3/ide/tools/bin/../lib/gcc/arm-none-eabi/6.3.1/../../../../arm-none-eabi/lib/thumb/v7e-m/fpv4-sp/softfp\libcr_c.a(_frexpl.o)
                0x00003e06                _frexpl
 *fill*         0x00003e5e        0x2 ff
 .text._ldexpl  0x00003e60       0x4c c:/nxp/mcuxpressoide_10.1.0_580_prc3/ide/tools/bin/../lib/gcc/arm-none-eabi/6.3.1/../../../../arm-none-eabi/lib/thumb/v7e-m/fpv4-sp/softfp\libcr_c.a(_ldexpl.o)
                0x00003e60                _ldexpl
 .text._Cwritebuf
                0x00003eac       0x6c c:/nxp/mcuxpressoide_10.1.0_580_prc3/ide/tools/bin/../lib/gcc/arm-none-eabi/6.3.1/../../../../arm-none-eabi/lib/thumb/v7e-m/fpv4-sp/softfp\libcr_c.a(_writebuf.o)
                0x00003eac                _Cwritebuf
 .text.malloc   0x00003f18       0xc4 c:/nxp/mcuxpressoide_10.1.0_580_prc3/ide/tools/bin/../lib/gcc/arm-none-eabi/6.3.1/../../../../arm-none-eabi/lib/thumb/v7e-m/fpv4-sp/softfp\libcr_c.a(alloc.o)
                0x00003f18                malloc
 .text.free     0x00003fdc       0x30 c:/nxp/mcuxpressoide_10.1.0_580_prc3/ide/tools/bin/../lib/gcc/arm-none-eabi/6.3.1/../../../../arm-none-eabi/lib/thumb/v7e-m/fpv4-sp/softfp\libcr_c.a(alloc.o)
                0x00003fdc                free
 .text._Csys_alloc
                0x0000400c       0x20 c:/nxp/mcuxpressoide_10.1.0_580_prc3/ide/tools/bin/../lib/gcc/arm-none-eabi/6.3.1/../../../../arm-none-eabi/lib/thumb/v7e-m/fpv4-sp/softfp\libcr_c.a(alloc.o)
                0x0000400c                _Csys_alloc
 .text.fclose   0x0000402c       0x58 c:/nxp/mcuxpressoide_10.1.0_580_prc3/ide/tools/bin/../lib/gcc/arm-none-eabi/6.3.1/../../../../arm-none-eabi/lib/thumb/v7e-m/fpv4-sp/softfp\libcr_c.a(fclose.o)
                0x0000402c                fclose
 .text.fflush   0x00004084       0x44 c:/nxp/mcuxpressoide_10.1.0_580_prc3/ide/tools/bin/../lib/gcc/arm-none-eabi/6.3.1/../../../../arm-none-eabi/lib/thumb/v7e-m/fpv4-sp/softfp\libcr_c.a(fflush.o)
                0x00004084                fflush
 .text.fseek    0x000040c8      0x100 c:/nxp/mcuxpressoide_10.1.0_580_prc3/ide/tools/bin/../lib/gcc/arm-none-eabi/6.3.1/../../../../arm-none-eabi/lib/thumb/v7e-m/fpv4-sp/softfp\libcr_c.a(fseek.o)
                0x000040c8                fseek
 .text.ftell    0x000041c8       0x48 c:/nxp/mcuxpressoide_10.1.0_580_prc3/ide/tools/bin/../lib/gcc/arm-none-eabi/6.3.1/../../../../arm-none-eabi/lib/thumb/v7e-m/fpv4-sp/softfp\libcr_c.a(ftell.o)
                0x000041c8                ftell
 .text.remove   0x00004210       0x14 c:/nxp/mcuxpressoide_10.1.0_580_prc3/ide/tools/bin/../lib/gcc/arm-none-eabi/6.3.1/../../../../arm-none-eabi/lib/thumb/v7e-m/fpv4-sp/softfp\libcr_c.a(remove.o)
                0x00004210                remove
 .text._sbrk    0x00004224       0x3c c:/nxp/mcuxpressoide_10.1.0_580_prc3/ide/tools/bin/../lib/gcc/arm-none-eabi/6.3.1/../../../../arm-none-eabi/lib/thumb/v7e-m/fpv4-sp/softfp\libcr_c.a(_cr_sbrk.o)
                0x00004224                _sbrk
 .text._do_fflush
                0x00004260       0x40 c:/nxp/mcuxpressoide_10.1.0_580_prc3/ide/tools/bin/../lib/gcc/arm-none-eabi/6.3.1/../../../../arm-none-eabi/lib/thumb/v7e-m/fpv4-sp/softfp\libcr_c.a(_do_fflush.o)
                0x00004260                _do_fflush
 .text.__check_heap_overflow
                0x000042a0       0x18 c:/nxp/mcuxpressoide_10.1.0_580_prc3/ide/tools/bin/../lib/gcc/arm-none-eabi/6.3.1/../../../../arm-none-eabi/lib/thumb/v7e-m/fpv4-sp/softfp\libcr_c.a(_cr_check_heap.o)
                0x000042a0                __check_heap_overflow
 .text.__aeabi_dmul
                0x000042b8      0x118 c:/nxp/mcuxpressoide_10.1.0_580_prc3/ide/tools/bin/../lib/gcc/arm-none-eabi/6.3.1/thumb/v7e-m/fpv4-sp/softfp\libcr_eabihelpers.a(double.o)
                0x000042b8                __aeabi_dmul
 .text.__aeabi_ddiv
                0x000043d0      0x13c c:/nxp/mcuxpressoide_10.1.0_580_prc3/ide/tools/bin/../lib/gcc/arm-none-eabi/6.3.1/thumb/v7e-m/fpv4-sp/softfp\libcr_eabihelpers.a(double.o)
                0x000043d0                __aeabi_ddiv
 .text.__aeabi_dsub
                0x0000450c      0x1cc c:/nxp/mcuxpressoide_10.1.0_580_prc3/ide/tools/bin/../lib/gcc/arm-none-eabi/6.3.1/thumb/v7e-m/fpv4-sp/softfp\libcr_eabihelpers.a(double.o)
                0x0000450c                __aeabi_dsub
 .text.__aeabi_dadd
                0x000046d8      0x114 c:/nxp/mcuxpressoide_10.1.0_580_prc3/ide/tools/bin/../lib/gcc/arm-none-eabi/6.3.1/thumb/v7e-m/fpv4-sp/softfp\libcr_eabihelpers.a(double.o)
                0x000046d8                __aeabi_dadd
 .text.__aeabi_d2iz
                0x000047ec       0x40 c:/nxp/mcuxpressoide_10.1.0_580_prc3/ide/tools/bin/../lib/gcc/arm-none-eabi/6.3.1/thumb/v7e-m/fpv4-sp/softfp\libcr_eabihelpers.a(double.o)
                0x000047ec                __aeabi_d2iz
 .text.__bhs_ui2d
                0x0000482c       0x46 c:/nxp/mcuxpressoide_10.1.0_580_prc3/ide/tools/bin/../lib/gcc/arm-none-eabi/6.3.1/thumb/v7e-m/fpv4-sp/softfp\libcr_eabihelpers.a(double.o)
                0x0000482c                __bhs_ui2d
 .text.__aeabi_i2d
                0x00004872       0x12 c:/nxp/mcuxpressoide_10.1.0_580_prc3/ide/tools/bin/../lib/gcc/arm-none-eabi/6.3.1/thumb/v7e-m/fpv4-sp/softfp\libcr_eabihelpers.a(double.o)
                0x00004872                __aeabi_i2d
 .text.__aeabi_dcmpeq
                0x00004884       0x30 c:/nxp/mcuxpressoide_10.1.0_580_prc3/ide/tools/bin/../lib/gcc/arm-none-eabi/6.3.1/thumb/v7e-m/fpv4-sp/softfp\libcr_eabihelpers.a(double.o)
                0x00004884                __aeabi_dcmpeq
 .text.__aeabi_dcmplt
                0x000048b4       0x58 c:/nxp/mcuxpressoide_10.1.0_580_prc3/ide/tools/bin/../lib/gcc/arm-none-eabi/6.3.1/thumb/v7e-m/fpv4-sp/softfp\libcr_eabihelpers.a(double.o)
                0x000048b4                __aeabi_dcmplt
 .text.__aeabi_dcmple
                0x0000490c       0x54 c:/nxp/mcuxpressoide_10.1.0_580_prc3/ide/tools/bin/../lib/gcc/arm-none-eabi/6.3.1/thumb/v7e-m/fpv4-sp/softfp\libcr_eabihelpers.a(double.o)
                0x0000490c                __aeabi_dcmple
 .text.__aeabi_dcmpge
                0x00004960       0x54 c:/nxp/mcuxpressoide_10.1.0_580_prc3/ide/tools/bin/../lib/gcc/arm-none-eabi/6.3.1/thumb/v7e-m/fpv4-sp/softfp\libcr_eabihelpers.a(double.o)
                0x00004960                __aeabi_dcmpge
 .text.__aeabi_memcpy
                0x000049b4       0x34 c:/nxp/mcuxpressoide_10.1.0_580_prc3/ide/tools/bin/../lib/gcc/arm-none-eabi/6.3.1/thumb/v7e-m/fpv4-sp/softfp\libcr_eabihelpers.a(memcpy.o)
                0x000049b4                __aeabi_memcpy
                0x000049be                __aeabi_memcpy8
                0x000049be                __aeabi_memcpy4
 .text.__aeabi_memset_lowlevel
                0x000049e8       0x32 c:/nxp/mcuxpressoide_10.1.0_580_prc3/ide/tools/bin/../lib/gcc/arm-none-eabi/6.3.1/thumb/v7e-m/fpv4-sp/softfp\libcr_eabihelpers.a(memcpy.o)
                0x000049e8                __aeabi_lowlevel_memset
 .text.__sys_appexit
                0x00004a1a        0x2 c:/nxp/mcuxpressoide_10.1.0_580_prc3/ide/tools/bin/../lib/gcc/arm-none-eabi/6.3.1/../../../../arm-none-eabi/lib/thumb/v7e-m/fpv4-sp/softfp\libcr_nohost.a(__sys_appexit.o)
                0x00004a1a                __sys_appexit
                0x00004a1a                __exit
 .text.__sys_close
                0x00004a1c        0x6 c:/nxp/mcuxpressoide_10.1.0_580_prc3/ide/tools/bin/../lib/gcc/arm-none-eabi/6.3.1/../../../../arm-none-eabi/lib/thumb/v7e-m/fpv4-sp/softfp\libcr_nohost.a(__sys_close.o)
                0x00004a1c                __sys_close
 .text.__sys_flen
                0x00004a22        0x6 c:/nxp/mcuxpressoide_10.1.0_580_prc3/ide/tools/bin/../lib/gcc/arm-none-eabi/6.3.1/../../../../arm-none-eabi/lib/thumb/v7e-m/fpv4-sp/softfp\libcr_nohost.a(__sys_flen.o)
                0x00004a22                __sys_flen
 .text.__sys_istty
                0x00004a28        0x6 c:/nxp/mcuxpressoide_10.1.0_580_prc3/ide/tools/bin/../lib/gcc/arm-none-eabi/6.3.1/../../../../arm-none-eabi/lib/thumb/v7e-m/fpv4-sp/softfp\libcr_nohost.a(__sys_istty.o)
                0x00004a28                __sys_istty
 .text.__sys_remove
                0x00004a2e        0x6 c:/nxp/mcuxpressoide_10.1.0_580_prc3/ide/tools/bin/../lib/gcc/arm-none-eabi/6.3.1/../../../../arm-none-eabi/lib/thumb/v7e-m/fpv4-sp/softfp\libcr_nohost.a(__sys_remove.o)
                0x00004a2e                __sys_remove
 .text.__sys_seek
                0x00004a34        0x6 c:/nxp/mcuxpressoide_10.1.0_580_prc3/ide/tools/bin/../lib/gcc/arm-none-eabi/6.3.1/../../../../arm-none-eabi/lib/thumb/v7e-m/fpv4-sp/softfp\libcr_nohost.a(__sys_seek.o)
                0x00004a34                __sys_seek
 .text.__sys_tmpnam
                0x00004a3a        0x6 c:/nxp/mcuxpressoide_10.1.0_580_prc3/ide/tools/bin/../lib/gcc/arm-none-eabi/6.3.1/../../../../arm-none-eabi/lib/thumb/v7e-m/fpv4-sp/softfp\libcr_nohost.a(__sys_tmpnam.o)
                0x00004a3a                __sys_tmpnam
 *(.rodata .rodata.* .constdata .constdata.*)
 .rodata        0x00004a40       0xb6 ./example/src/enet.o
 *fill*         0x00004af6        0x2 ff
 .rodata.ledBits
                0x00004af8        0x2 C:\Users\B45511\Documents\MCUXpressoIDE_10.1.0_580_prc3\workspace\lpc_board_ea_devkit_4088\Debug\liblpc_board_ea_devkit_4088.a(board.o)
 *fill*         0x00004afa        0x2 ff
 .rodata.OscRateIn
                0x00004afc        0x4 C:\Users\B45511\Documents\MCUXpressoIDE_10.1.0_580_prc3\workspace\lpc_board_ea_devkit_4088\Debug\liblpc_board_ea_devkit_4088.a(board.o)
                0x00004afc                OscRateIn
 .rodata.ledports
                0x00004b00        0x2 C:\Users\B45511\Documents\MCUXpressoIDE_10.1.0_580_prc3\workspace\lpc_board_ea_devkit_4088\Debug\liblpc_board_ea_devkit_4088.a(board.o)
 *fill*         0x00004b02        0x2 ff
 .rodata.ledpins
                0x00004b04        0x2 C:\Users\B45511\Documents\MCUXpressoIDE_10.1.0_580_prc3\workspace\lpc_board_ea_devkit_4088\Debug\liblpc_board_ea_devkit_4088.a(board.o)
 *fill*         0x00004b06        0x2 ff
 .rodata        0x00004b08        0x6 C:\Users\B45511\Documents\MCUXpressoIDE_10.1.0_580_prc3\workspace\lpc_board_ea_devkit_4088\Debug\liblpc_board_ea_devkit_4088.a(board.o)
 *fill*         0x00004b0e        0x2 ff
 .rodata.pinmuxing
                0x00004b10       0x88 C:\Users\B45511\Documents\MCUXpressoIDE_10.1.0_580_prc3\workspace\lpc_board_ea_devkit_4088\Debug\liblpc_board_ea_devkit_4088.a(board_sysinit.o)
 .rodata.IS42S32800D_config
                0x00004b98       0x74 C:\Users\B45511\Documents\MCUXpressoIDE_10.1.0_580_prc3\workspace\lpc_board_ea_devkit_4088\Debug\liblpc_board_ea_devkit_4088.a(board_sysinit.o)
 .rodata.SST39VF320_config
                0x00004c0c       0x20 C:\Users\B45511\Documents\MCUXpressoIDE_10.1.0_580_prc3\workspace\lpc_board_ea_devkit_4088\Debug\liblpc_board_ea_devkit_4088.a(board_sysinit.o)
 .rodata.K9F1G_config
                0x00004c2c       0x20 C:\Users\B45511\Documents\MCUXpressoIDE_10.1.0_580_prc3\workspace\lpc_board_ea_devkit_4088\Debug\liblpc_board_ea_devkit_4088.a(board_sysinit.o)
 .rodata.EnetClkDiv
                0x00004c4c        0xf C:\Users\B45511\Documents\MCUXpressoIDE_10.1.0_580_prc3\workspace\lpc_chip_40xx\Debug\liblpc_chip_40xx.a(enet_17xx_40xx.o)
 .rodata.fp_display.str1.1
                0x00004c5b       0x34 c:/nxp/mcuxpressoide_10.1.0_580_prc3/ide/tools/bin/../lib/gcc/arm-none-eabi/6.3.1/../../../../arm-none-eabi/lib/thumb/v7e-m/fpv4-sp/softfp\libcr_c.a(fpprintf.o)
                                 0x35 (size before relaxing)
 .rodata._initio.str1.1
                0x00004c8f        0x4 c:/nxp/mcuxpressoide_10.1.0_580_prc3/ide/tools/bin/../lib/gcc/arm-none-eabi/6.3.1/../../../../arm-none-eabi/lib/thumb/v7e-m/fpv4-sp/softfp\libcr_c.a(initio.o)
 .rodata.__vfprintf.str1.1
                0x00004c93       0x31 c:/nxp/mcuxpressoide_10.1.0_580_prc3/ide/tools/bin/../lib/gcc/arm-none-eabi/6.3.1/../../../../arm-none-eabi/lib/thumb/v7e-m/fpv4-sp/softfp\libcr_c.a(printf.o)
                                 0x38 (size before relaxing)
 .rodata._Csys_alloc.str1.1
                0x00004cc4       0x18 c:/nxp/mcuxpressoide_10.1.0_580_prc3/ide/tools/bin/../lib/gcc/arm-none-eabi/6.3.1/../../../../arm-none-eabi/lib/thumb/v7e-m/fpv4-sp/softfp\libcr_c.a(alloc.o)
 *fill*         0x00004cdc        0x4 ff
 .rodata.__huge_vall
                0x00004ce0        0x8 c:/nxp/mcuxpressoide_10.1.0_580_prc3/ide/tools/bin/../lib/gcc/arm-none-eabi/6.3.1/../../../../arm-none-eabi/lib/thumb/v7e-m/fpv4-sp/softfp\libcr_c.a(_hugeval.o)
                0x00004ce0                __huge_vall
 .rodata.__num_Ciob_streams
                0x00004ce8        0x4 c:/nxp/mcuxpressoide_10.1.0_580_prc3/ide/tools/bin/../lib/gcc/arm-none-eabi/6.3.1/../../../../arm-none-eabi/lib/thumb/v7e-m/fpv4-sp/softfp\libcr_nohost.a(__ciob.o)
                0x00004ce8                __num_Ciob_streams
                0x00004cec                . = ALIGN (0x4)

.glue_7         0x00004cec        0x0
 .glue_7        0x00004cec        0x0 linker stubs

.glue_7t        0x00004cec        0x0
 .glue_7t       0x00004cec        0x0 linker stubs

.vfp11_veneer   0x00004cec        0x0
 .vfp11_veneer  0x00004cec        0x0 linker stubs

.v4_bx          0x00004cec        0x0
 .v4_bx         0x00004cec        0x0 linker stubs

.iplt           0x00004cec        0x0
 .iplt          0x00004cec        0x0 ./example/src/cr_startup_lpc40xx.o

.rel.dyn        0x00004cec        0x0
 .rel.iplt      0x00004cec        0x0 ./example/src/cr_startup_lpc40xx.o

.ARM.extab
 *(.ARM.extab* .gnu.linkonce.armextab.*)
                0x00004cec                __exidx_start = .

.ARM.exidx
 *(.ARM.exidx* .gnu.linkonce.armexidx.*)
                0x00004cec                __exidx_end = .
                0x00004cec                _etext = .

.data_RAM2      0x20000000        0x0 load address 0x00004cec
 FILL mask 0xff
                [!provide]                PROVIDE (__start_data_RAM2, .)
 *(.ramfunc.$RAM2)
 *(.ramfunc.$RamPeriph32)
 *(.data.$RAM2*)
 *(.data.$RamPeriph32*)
                0x20000000                . = ALIGN (0x4)
                [!provide]                PROVIDE (__end_data_RAM2, .)

.uninit_RESERVED
                0x10000000        0x0
 *(.bss.$RESERVED*)
                0x10000000                . = ALIGN (0x4)
                0x10000000                _end_uninit_RESERVED = .

.data           0x10000000       0x10 load address 0x00004cec
 FILL mask 0xff
                0x10000000                _data = .
 *(vtable)
 *(.ramfunc*)
 *(.data*)
 .data.pRXDescs
                0x10000000        0x4 ./example/src/enet.o
 .data.pRXStats
                0x10000004        0x4 ./example/src/enet.o
 .data.pTXDescs
                0x10000008        0x4 ./example/src/enet.o
 .data.pTXStats
                0x1000000c        0x4 ./example/src/enet.o
                0x10000010                . = ALIGN (0x4)
                0x10000010                _edata = .

.igot.plt       0x10000010        0x0 load address 0x00004cfc
 .igot.plt      0x10000010        0x0 ./example/src/cr_startup_lpc40xx.o

.bss_RAM2       0x20000000        0x0
                [!provide]                PROVIDE (__start_bss_RAM2, .)
 *(.bss.$RAM2*)
 *(.bss.$RamPeriph32*)
                0x20000000                . = ALIGN ((. != 0x0)?0x4:0x1)
                [!provide]                PROVIDE (__end_bss_RAM2, .)

.bss            0x10000010      0x210
                0x10000010                _bss = .
 *(.bss*)
 .bss.rxConsumeIdx
                0x10000010        0x4 ./example/src/enet.o
 .bss.txProduceIdx
                0x10000014        0x4 ./example/src/enet.o
 .bss.physts    0x10000018        0x4 C:\Users\B45511\Documents\MCUXpressoIDE_10.1.0_580_prc3\workspace\lpc_board_ea_devkit_4088\Debug\liblpc_board_ea_devkit_4088.a(lpc_phy_smsc87x0.o)
 .bss.olddphysts
                0x1000001c        0x4 C:\Users\B45511\Documents\MCUXpressoIDE_10.1.0_580_prc3\workspace\lpc_board_ea_devkit_4088\Debug\liblpc_board_ea_devkit_4088.a(lpc_phy_smsc87x0.o)
 .bss.phyustate
                0x10000020        0x4 C:\Users\B45511\Documents\MCUXpressoIDE_10.1.0_580_prc3\workspace\lpc_board_ea_devkit_4088\Debug\liblpc_board_ea_devkit_4088.a(lpc_phy_smsc87x0.o)
 .bss.pDelayMs  0x10000024        0x4 C:\Users\B45511\Documents\MCUXpressoIDE_10.1.0_580_prc3\workspace\lpc_board_ea_devkit_4088\Debug\liblpc_board_ea_devkit_4088.a(lpc_phy_smsc87x0.o)
 .bss.sts.9594  0x10000028        0x2 C:\Users\B45511\Documents\MCUXpressoIDE_10.1.0_580_prc3\workspace\lpc_board_ea_devkit_4088\Debug\liblpc_board_ea_devkit_4088.a(lpc_phy_smsc87x0.o)
 *fill*         0x1000002a        0x2 
 .bss.phyAddr   0x1000002c        0x4 C:\Users\B45511\Documents\MCUXpressoIDE_10.1.0_580_prc3\workspace\lpc_chip_40xx\Debug\liblpc_chip_40xx.a(enet_17xx_40xx.o)
 .bss.errno     0x10000030        0x4 c:/nxp/mcuxpressoide_10.1.0_580_prc3/ide/tools/bin/../lib/gcc/arm-none-eabi/6.3.1/../../../../arm-none-eabi/lib/thumb/v7e-m/fpv4-sp/softfp\libcr_c.a(errno.o)
                0x10000030                errno
 .bss.__end_of_heap
                0x10000034        0x4 c:/nxp/mcuxpressoide_10.1.0_580_prc3/ide/tools/bin/../lib/gcc/arm-none-eabi/6.3.1/../../../../arm-none-eabi/lib/thumb/v7e-m/fpv4-sp/softfp\libcr_c.a(__init_alloc.o)
                0x10000034                __end_of_heap
 .bss.__heaps   0x10000038        0x4 c:/nxp/mcuxpressoide_10.1.0_580_prc3/ide/tools/bin/../lib/gcc/arm-none-eabi/6.3.1/../../../../arm-none-eabi/lib/thumb/v7e-m/fpv4-sp/softfp\libcr_c.a(__init_alloc.o)
                0x10000038                __heaps
 .bss.__Ciob    0x1000003c      0x1e0 c:/nxp/mcuxpressoide_10.1.0_580_prc3/ide/tools/bin/../lib/gcc/arm-none-eabi/6.3.1/../../../../arm-none-eabi/lib/thumb/v7e-m/fpv4-sp/softfp\libcr_nohost.a(__ciob.o)
                0x1000003c                __Ciob
 *(COMMON)
 COMMON         0x1000021c        0x4 C:\Users\B45511\Documents\MCUXpressoIDE_10.1.0_580_prc3\workspace\lpc_chip_40xx\Debug\liblpc_chip_40xx.a(chip_17xx_40xx.o)
                0x1000021c                SystemCoreClock
                0x10000220                . = ALIGN (0x4)
                0x10000220                _ebss = .
                [!provide]                PROVIDE (end, .)

.noinit_RAM2    0x20000000        0x0
 *(.noinit.$RAM2*)
 *(.noinit.$RamPeriph32*)
                0x20000000                . = ALIGN (0x4)

.noinit         0x10000220        0x0
                0x10000220                _noinit = .
 *(.noinit*)
                0x10000220                . = ALIGN (0x4)
                0x10000220                _end_noinit = .
                0x10000220                PROVIDE (_pvHeapStart, DEFINED (__user_heap_base)?__user_heap_base:.)
                0x10010000                PROVIDE (_vStackTop, DEFINED (__user_stack_top)?__user_stack_top:(__top_RamLoc64 - 0x0))
                [!provide]                PROVIDE (__valid_user_code_checksum, (0x0 - ((((((_vStackTop + (ResetISR + 0x1)) + (NMI_Handler + 0x1)) + (HardFault_Handler + 0x1)) + (DEFINED (MemManage_Handler)?MemManage_Handler:0x0 + 0x1)) + (DEFINED (BusFault_Handler)?BusFault_Handler:0x0 + 0x1)) + (DEFINED (UsageFault_Handler)?UsageFault_Handler:0x0 + 0x1))))
                0x00000000                _image_start = LOADADDR (.text)
                0x00004cfc                _image_end = (LOADADDR (.data) + SIZEOF (.data))
                0x00004cfc                _image_size = (_image_end - _image_start)
OUTPUT(periph_ethernet.axf elf32-littlearm)

.debug_info     0x00000000     0x8e64
 .debug_info    0x00000000      0x26b ./example/src/cr_startup_lpc40xx.o
 .debug_info    0x0000026b      0xdac ./example/src/enet.o
 .debug_info    0x00001017      0x393 ./example/src/sysinit.o
 .debug_info    0x000013aa     0x1d74 C:\Users\B45511\Documents\MCUXpressoIDE_10.1.0_580_prc3\workspace\lpc_board_ea_devkit_4088\Debug\liblpc_board_ea_devkit_4088.a(board.o)
 .debug_info    0x0000311e      0xca3 C:\Users\B45511\Documents\MCUXpressoIDE_10.1.0_580_prc3\workspace\lpc_board_ea_devkit_4088\Debug\liblpc_board_ea_devkit_4088.a(board_sysinit.o)
 .debug_info    0x00003dc1      0x9ac C:\Users\B45511\Documents\MCUXpressoIDE_10.1.0_580_prc3\workspace\lpc_board_ea_devkit_4088\Debug\liblpc_board_ea_devkit_4088.a(lpc_phy_smsc87x0.o)
 .debug_info    0x0000476d      0x632 C:\Users\B45511\Documents\MCUXpressoIDE_10.1.0_580_prc3\workspace\lpc_chip_40xx\Debug\liblpc_chip_40xx.a(chip_17xx_40xx.o)
 .debug_info    0x00004d9f      0xbc5 C:\Users\B45511\Documents\MCUXpressoIDE_10.1.0_580_prc3\workspace\lpc_chip_40xx\Debug\liblpc_chip_40xx.a(clock_17xx_40xx.o)
 .debug_info    0x00005964      0xc8d C:\Users\B45511\Documents\MCUXpressoIDE_10.1.0_580_prc3\workspace\lpc_chip_40xx\Debug\liblpc_chip_40xx.a(emc_17xx_40xx.o)
 .debug_info    0x000065f1      0xc37 C:\Users\B45511\Documents\MCUXpressoIDE_10.1.0_580_prc3\workspace\lpc_chip_40xx\Debug\liblpc_chip_40xx.a(enet_17xx_40xx.o)
 .debug_info    0x00007228      0x15d C:\Users\B45511\Documents\MCUXpressoIDE_10.1.0_580_prc3\workspace\lpc_chip_40xx\Debug\liblpc_chip_40xx.a(fpu_init.o)
 .debug_info    0x00007385      0x23a C:\Users\B45511\Documents\MCUXpressoIDE_10.1.0_580_prc3\workspace\lpc_chip_40xx\Debug\liblpc_chip_40xx.a(iocon_17xx_40xx.o)
 .debug_info    0x000075bf      0x54e C:\Users\B45511\Documents\MCUXpressoIDE_10.1.0_580_prc3\workspace\lpc_chip_40xx\Debug\liblpc_chip_40xx.a(sysctl_17xx_40xx.o)
 .debug_info    0x00007b0d      0x52c C:\Users\B45511\Documents\MCUXpressoIDE_10.1.0_580_prc3\workspace\lpc_chip_40xx\Debug\liblpc_chip_40xx.a(sysinit_17xx_40xx.o)
 .debug_info    0x00008039      0xe2b C:\Users\B45511\Documents\MCUXpressoIDE_10.1.0_580_prc3\workspace\lpc_chip_40xx\Debug\liblpc_chip_40xx.a(uart_17xx_40xx.o)

.debug_abbrev   0x00000000     0x1cd2
 .debug_abbrev  0x00000000      0x114 ./example/src/cr_startup_lpc40xx.o
 .debug_abbrev  0x00000114      0x285 ./example/src/enet.o
 .debug_abbrev  0x00000399      0x111 ./example/src/sysinit.o
 .debug_abbrev  0x000004aa      0x392 C:\Users\B45511\Documents\MCUXpressoIDE_10.1.0_580_prc3\workspace\lpc_board_ea_devkit_4088\Debug\liblpc_board_ea_devkit_4088.a(board.o)
 .debug_abbrev  0x0000083c      0x24f C:\Users\B45511\Documents\MCUXpressoIDE_10.1.0_580_prc3\workspace\lpc_board_ea_devkit_4088\Debug\liblpc_board_ea_devkit_4088.a(board_sysinit.o)
 .debug_abbrev  0x00000a8b      0x1e3 C:\Users\B45511\Documents\MCUXpressoIDE_10.1.0_580_prc3\workspace\lpc_board_ea_devkit_4088\Debug\liblpc_board_ea_devkit_4088.a(lpc_phy_smsc87x0.o)
 .debug_abbrev  0x00000c6e      0x16d C:\Users\B45511\Documents\MCUXpressoIDE_10.1.0_580_prc3\workspace\lpc_chip_40xx\Debug\liblpc_chip_40xx.a(chip_17xx_40xx.o)
 .debug_abbrev  0x00000ddb      0x2c9 C:\Users\B45511\Documents\MCUXpressoIDE_10.1.0_580_prc3\workspace\lpc_chip_40xx\Debug\liblpc_chip_40xx.a(clock_17xx_40xx.o)
 .debug_abbrev  0x000010a4      0x207 C:\Users\B45511\Documents\MCUXpressoIDE_10.1.0_580_prc3\workspace\lpc_chip_40xx\Debug\liblpc_chip_40xx.a(emc_17xx_40xx.o)
 .debug_abbrev  0x000012ab      0x26c C:\Users\B45511\Documents\MCUXpressoIDE_10.1.0_580_prc3\workspace\lpc_chip_40xx\Debug\liblpc_chip_40xx.a(enet_17xx_40xx.o)
 .debug_abbrev  0x00001517       0xaa C:\Users\B45511\Documents\MCUXpressoIDE_10.1.0_580_prc3\workspace\lpc_chip_40xx\Debug\liblpc_chip_40xx.a(fpu_init.o)
 .debug_abbrev  0x000015c1      0x12c C:\Users\B45511\Documents\MCUXpressoIDE_10.1.0_580_prc3\workspace\lpc_chip_40xx\Debug\liblpc_chip_40xx.a(iocon_17xx_40xx.o)
 .debug_abbrev  0x000016ed      0x15e C:\Users\B45511\Documents\MCUXpressoIDE_10.1.0_580_prc3\workspace\lpc_chip_40xx\Debug\liblpc_chip_40xx.a(sysctl_17xx_40xx.o)
 .debug_abbrev  0x0000184b      0x18a C:\Users\B45511\Documents\MCUXpressoIDE_10.1.0_580_prc3\workspace\lpc_chip_40xx\Debug\liblpc_chip_40xx.a(sysinit_17xx_40xx.o)
 .debug_abbrev  0x000019d5      0x2fd C:\Users\B45511\Documents\MCUXpressoIDE_10.1.0_580_prc3\workspace\lpc_chip_40xx\Debug\liblpc_chip_40xx.a(uart_17xx_40xx.o)

.debug_aranges  0x00000000      0x858
 .debug_aranges
                0x00000000       0x80 ./example/src/cr_startup_lpc40xx.o
 .debug_aranges
                0x00000080       0xa0 ./example/src/enet.o
 .debug_aranges
                0x00000120       0x20 ./example/src/sysinit.o
 .debug_aranges
                0x00000140      0x1f8 C:\Users\B45511\Documents\MCUXpressoIDE_10.1.0_580_prc3\workspace\lpc_board_ea_devkit_4088\Debug\liblpc_board_ea_devkit_4088.a(board.o)
 .debug_aranges
                0x00000338       0x50 C:\Users\B45511\Documents\MCUXpressoIDE_10.1.0_580_prc3\workspace\lpc_board_ea_devkit_4088\Debug\liblpc_board_ea_devkit_4088.a(board_sysinit.o)
 .debug_aranges
                0x00000388       0x50 C:\Users\B45511\Documents\MCUXpressoIDE_10.1.0_580_prc3\workspace\lpc_board_ea_devkit_4088\Debug\liblpc_board_ea_devkit_4088.a(lpc_phy_smsc87x0.o)
 .debug_aranges
                0x000003d8       0x30 C:\Users\B45511\Documents\MCUXpressoIDE_10.1.0_580_prc3\workspace\lpc_chip_40xx\Debug\liblpc_chip_40xx.a(chip_17xx_40xx.o)
 .debug_aranges
                0x00000408      0x138 C:\Users\B45511\Documents\MCUXpressoIDE_10.1.0_580_prc3\workspace\lpc_chip_40xx\Debug\liblpc_chip_40xx.a(clock_17xx_40xx.o)
 .debug_aranges
                0x00000540       0x80 C:\Users\B45511\Documents\MCUXpressoIDE_10.1.0_580_prc3\workspace\lpc_chip_40xx\Debug\liblpc_chip_40xx.a(emc_17xx_40xx.o)
 .debug_aranges
                0x000005c0       0xa8 C:\Users\B45511\Documents\MCUXpressoIDE_10.1.0_580_prc3\workspace\lpc_chip_40xx\Debug\liblpc_chip_40xx.a(enet_17xx_40xx.o)
 .debug_aranges
                0x00000668       0x20 C:\Users\B45511\Documents\MCUXpressoIDE_10.1.0_580_prc3\workspace\lpc_chip_40xx\Debug\liblpc_chip_40xx.a(fpu_init.o)
 .debug_aranges
                0x00000688       0x28 C:\Users\B45511\Documents\MCUXpressoIDE_10.1.0_580_prc3\workspace\lpc_chip_40xx\Debug\liblpc_chip_40xx.a(iocon_17xx_40xx.o)
 .debug_aranges
                0x000006b0       0x28 C:\Users\B45511\Documents\MCUXpressoIDE_10.1.0_580_prc3\workspace\lpc_chip_40xx\Debug\liblpc_chip_40xx.a(sysctl_17xx_40xx.o)
 .debug_aranges
                0x000006d8       0x60 C:\Users\B45511\Documents\MCUXpressoIDE_10.1.0_580_prc3\workspace\lpc_chip_40xx\Debug\liblpc_chip_40xx.a(sysinit_17xx_40xx.o)
 .debug_aranges
                0x00000738      0x120 C:\Users\B45511\Documents\MCUXpressoIDE_10.1.0_580_prc3\workspace\lpc_chip_40xx\Debug\liblpc_chip_40xx.a(uart_17xx_40xx.o)

.debug_ranges   0x00000000      0x768
 .debug_ranges  0x00000000       0x70 ./example/src/cr_startup_lpc40xx.o
 .debug_ranges  0x00000070       0x90 ./example/src/enet.o
 .debug_ranges  0x00000100       0x10 ./example/src/sysinit.o
 .debug_ranges  0x00000110      0x1e8 C:\Users\B45511\Documents\MCUXpressoIDE_10.1.0_580_prc3\workspace\lpc_board_ea_devkit_4088\Debug\liblpc_board_ea_devkit_4088.a(board.o)
 .debug_ranges  0x000002f8       0x40 C:\Users\B45511\Documents\MCUXpressoIDE_10.1.0_580_prc3\workspace\lpc_board_ea_devkit_4088\Debug\liblpc_board_ea_devkit_4088.a(board_sysinit.o)
 .debug_ranges  0x00000338       0x40 C:\Users\B45511\Documents\MCUXpressoIDE_10.1.0_580_prc3\workspace\lpc_board_ea_devkit_4088\Debug\liblpc_board_ea_devkit_4088.a(lpc_phy_smsc87x0.o)
 .debug_ranges  0x00000378       0x20 C:\Users\B45511\Documents\MCUXpressoIDE_10.1.0_580_prc3\workspace\lpc_chip_40xx\Debug\liblpc_chip_40xx.a(chip_17xx_40xx.o)
 .debug_ranges  0x00000398      0x128 C:\Users\B45511\Documents\MCUXpressoIDE_10.1.0_580_prc3\workspace\lpc_chip_40xx\Debug\liblpc_chip_40xx.a(clock_17xx_40xx.o)
 .debug_ranges  0x000004c0       0x70 C:\Users\B45511\Documents\MCUXpressoIDE_10.1.0_580_prc3\workspace\lpc_chip_40xx\Debug\liblpc_chip_40xx.a(emc_17xx_40xx.o)
 .debug_ranges  0x00000530       0x98 C:\Users\B45511\Documents\MCUXpressoIDE_10.1.0_580_prc3\workspace\lpc_chip_40xx\Debug\liblpc_chip_40xx.a(enet_17xx_40xx.o)
 .debug_ranges  0x000005c8       0x10 C:\Users\B45511\Documents\MCUXpressoIDE_10.1.0_580_prc3\workspace\lpc_chip_40xx\Debug\liblpc_chip_40xx.a(fpu_init.o)
 .debug_ranges  0x000005d8       0x18 C:\Users\B45511\Documents\MCUXpressoIDE_10.1.0_580_prc3\workspace\lpc_chip_40xx\Debug\liblpc_chip_40xx.a(iocon_17xx_40xx.o)
 .debug_ranges  0x000005f0       0x18 C:\Users\B45511\Documents\MCUXpressoIDE_10.1.0_580_prc3\workspace\lpc_chip_40xx\Debug\liblpc_chip_40xx.a(sysctl_17xx_40xx.o)
 .debug_ranges  0x00000608       0x50 C:\Users\B45511\Documents\MCUXpressoIDE_10.1.0_580_prc3\workspace\lpc_chip_40xx\Debug\liblpc_chip_40xx.a(sysinit_17xx_40xx.o)
 .debug_ranges  0x00000658      0x110 C:\Users\B45511\Documents\MCUXpressoIDE_10.1.0_580_prc3\workspace\lpc_chip_40xx\Debug\liblpc_chip_40xx.a(uart_17xx_40xx.o)

.debug_macro    0x00000000     0x6a4e
 .debug_macro   0x00000000       0x1d ./example/src/cr_startup_lpc40xx.o
 .debug_macro   0x0000001d      0x8c2 ./example/src/cr_startup_lpc40xx.o
 .debug_macro   0x000008df      0x2e0 ./example/src/enet.o
 .debug_macro   0x00000bbf       0x10 ./example/src/enet.o
 .debug_macro   0x00000bcf      0x12d ./example/src/enet.o
 .debug_macro   0x00000cfc      0x5b2 ./example/src/enet.o
 .debug_macro   0x000012ae       0x22 ./example/src/enet.o
 .debug_macro   0x000012d0       0x7b ./example/src/enet.o
 .debug_macro   0x0000134b       0x16 ./example/src/enet.o
 .debug_macro   0x00001361       0x2d ./example/src/enet.o
 .debug_macro   0x0000138e       0x3b ./example/src/enet.o
 .debug_macro   0x000013c9       0x2d ./example/src/enet.o
 .debug_macro   0x000013f6       0x42 ./example/src/enet.o
 .debug_macro   0x00001438      0xd39 ./example/src/enet.o
 .debug_macro   0x00002171      0x295 ./example/src/enet.o
 .debug_macro   0x00002406       0x50 ./example/src/enet.o
 .debug_macro   0x00002456       0x34 ./example/src/enet.o
 .debug_macro   0x0000248a      0x152 ./example/src/enet.o
 .debug_macro   0x000025dc       0x82 ./example/src/enet.o
 .debug_macro   0x0000265e      0x48c ./example/src/enet.o
 .debug_macro   0x00002aea      0x12d ./example/src/enet.o
 .debug_macro   0x00002c17       0x6a ./example/src/enet.o
 .debug_macro   0x00002c81       0x34 ./example/src/enet.o
 .debug_macro   0x00002cb5       0x58 ./example/src/enet.o
 .debug_macro   0x00002d0d      0x236 ./example/src/enet.o
 .debug_macro   0x00002f43      0x4c5 ./example/src/enet.o
 .debug_macro   0x00003408      0x1da ./example/src/enet.o
 .debug_macro   0x000035e2       0x10 ./example/src/enet.o
 .debug_macro   0x000035f2      0x21b ./example/src/enet.o
 .debug_macro   0x0000380d      0x1b9 ./example/src/enet.o
 .debug_macro   0x000039c6       0x2e ./example/src/enet.o
 .debug_macro   0x000039f4       0x40 ./example/src/enet.o
 .debug_macro   0x00003a34      0x209 ./example/src/enet.o
 .debug_macro   0x00003c3d      0x2b3 ./example/src/enet.o
 .debug_macro   0x00003ef0      0x34c ./example/src/enet.o
 .debug_macro   0x0000423c       0xb2 ./example/src/enet.o
 .debug_macro   0x000042ee       0x16 ./example/src/enet.o
 .debug_macro   0x00004304       0xb8 ./example/src/enet.o
 .debug_macro   0x000043bc       0x4c ./example/src/enet.o
 .debug_macro   0x00004408       0x16 ./example/src/enet.o
 .debug_macro   0x0000441e      0x328 ./example/src/enet.o
 .debug_macro   0x00004746       0x3a ./example/src/enet.o
 .debug_macro   0x00004780       0x16 ./example/src/enet.o
 .debug_macro   0x00004796       0xca ./example/src/enet.o
 .debug_macro   0x00004860       0x18 ./example/src/enet.o
 .debug_macro   0x00004878       0x16 ./example/src/enet.o
 .debug_macro   0x0000488e       0x8e ./example/src/enet.o
 .debug_macro   0x0000491c      0x124 ./example/src/enet.o
 .debug_macro   0x00004a40       0x6c ./example/src/enet.o
 .debug_macro   0x00004aac       0x9a ./example/src/enet.o
 .debug_macro   0x00004b46       0x20 ./example/src/enet.o
 .debug_macro   0x00004b66       0x2e ./example/src/enet.o
 .debug_macro   0x00004b94      0x296 ./example/src/sysinit.o
 .debug_macro   0x00004e2a      0x3cf C:\Users\B45511\Documents\MCUXpressoIDE_10.1.0_580_prc3\workspace\lpc_board_ea_devkit_4088\Debug\liblpc_board_ea_devkit_4088.a(board.o)
 .debug_macro   0x000051f9       0x12 C:\Users\B45511\Documents\MCUXpressoIDE_10.1.0_580_prc3\workspace\lpc_board_ea_devkit_4088\Debug\liblpc_board_ea_devkit_4088.a(board.o)
 .debug_macro   0x0000520b      0x29c C:\Users\B45511\Documents\MCUXpressoIDE_10.1.0_580_prc3\workspace\lpc_board_ea_devkit_4088\Debug\liblpc_board_ea_devkit_4088.a(board_sysinit.o)
 .debug_macro   0x000054a7      0x35a C:\Users\B45511\Documents\MCUXpressoIDE_10.1.0_580_prc3\workspace\lpc_board_ea_devkit_4088\Debug\liblpc_board_ea_devkit_4088.a(lpc_phy_smsc87x0.o)
 .debug_macro   0x00005801       0x28 C:\Users\B45511\Documents\MCUXpressoIDE_10.1.0_580_prc3\workspace\lpc_board_ea_devkit_4088\Debug\liblpc_board_ea_devkit_4088.a(lpc_phy_smsc87x0.o)
 .debug_macro   0x00005829      0x22c C:\Users\B45511\Documents\MCUXpressoIDE_10.1.0_580_prc3\workspace\lpc_chip_40xx\Debug\liblpc_chip_40xx.a(chip_17xx_40xx.o)
 .debug_macro   0x00005a55      0x22c C:\Users\B45511\Documents\MCUXpressoIDE_10.1.0_580_prc3\workspace\lpc_chip_40xx\Debug\liblpc_chip_40xx.a(clock_17xx_40xx.o)
 .debug_macro   0x00005c81      0x232 C:\Users\B45511\Documents\MCUXpressoIDE_10.1.0_580_prc3\workspace\lpc_chip_40xx\Debug\liblpc_chip_40xx.a(emc_17xx_40xx.o)
 .debug_macro   0x00005eb3      0x22c C:\Users\B45511\Documents\MCUXpressoIDE_10.1.0_580_prc3\workspace\lpc_chip_40xx\Debug\liblpc_chip_40xx.a(enet_17xx_40xx.o)
 .debug_macro   0x000060df       0xbf C:\Users\B45511\Documents\MCUXpressoIDE_10.1.0_580_prc3\workspace\lpc_chip_40xx\Debug\liblpc_chip_40xx.a(fpu_init.o)
 .debug_macro   0x0000619e      0x22c C:\Users\B45511\Documents\MCUXpressoIDE_10.1.0_580_prc3\workspace\lpc_chip_40xx\Debug\liblpc_chip_40xx.a(iocon_17xx_40xx.o)
 .debug_macro   0x000063ca      0x22c C:\Users\B45511\Documents\MCUXpressoIDE_10.1.0_580_prc3\workspace\lpc_chip_40xx\Debug\liblpc_chip_40xx.a(sysctl_17xx_40xx.o)
 .debug_macro   0x000065f6      0x22c C:\Users\B45511\Documents\MCUXpressoIDE_10.1.0_580_prc3\workspace\lpc_chip_40xx\Debug\liblpc_chip_40xx.a(sysinit_17xx_40xx.o)
 .debug_macro   0x00006822      0x22c C:\Users\B45511\Documents\MCUXpressoIDE_10.1.0_580_prc3\workspace\lpc_chip_40xx\Debug\liblpc_chip_40xx.a(uart_17xx_40xx.o)

.debug_line     0x00000000     0x5995
 .debug_line    0x00000000       0xdf ./example/src/cr_startup_lpc40xx.o
 .debug_line    0x000000df      0x7ad ./example/src/enet.o
 .debug_line    0x0000088c      0x595 ./example/src/sysinit.o
 .debug_line    0x00000e21      0xc2d C:\Users\B45511\Documents\MCUXpressoIDE_10.1.0_580_prc3\workspace\lpc_board_ea_devkit_4088\Debug\liblpc_board_ea_devkit_4088.a(board.o)
 .debug_line    0x00001a4e      0x646 C:\Users\B45511\Documents\MCUXpressoIDE_10.1.0_580_prc3\workspace\lpc_board_ea_devkit_4088\Debug\liblpc_board_ea_devkit_4088.a(board_sysinit.o)
 .debug_line    0x00002094      0x667 C:\Users\B45511\Documents\MCUXpressoIDE_10.1.0_580_prc3\workspace\lpc_board_ea_devkit_4088\Debug\liblpc_board_ea_devkit_4088.a(lpc_phy_smsc87x0.o)
 .debug_line    0x000026fb      0x4e8 C:\Users\B45511\Documents\MCUXpressoIDE_10.1.0_580_prc3\workspace\lpc_chip_40xx\Debug\liblpc_chip_40xx.a(chip_17xx_40xx.o)
 .debug_line    0x00002be3      0x7a8 C:\Users\B45511\Documents\MCUXpressoIDE_10.1.0_580_prc3\workspace\lpc_chip_40xx\Debug\liblpc_chip_40xx.a(clock_17xx_40xx.o)
 .debug_line    0x0000338b      0x661 C:\Users\B45511\Documents\MCUXpressoIDE_10.1.0_580_prc3\workspace\lpc_chip_40xx\Debug\liblpc_chip_40xx.a(emc_17xx_40xx.o)
 .debug_line    0x000039ec      0x667 C:\Users\B45511\Documents\MCUXpressoIDE_10.1.0_580_prc3\workspace\lpc_chip_40xx\Debug\liblpc_chip_40xx.a(enet_17xx_40xx.o)
 .debug_line    0x00004053      0x20a C:\Users\B45511\Documents\MCUXpressoIDE_10.1.0_580_prc3\workspace\lpc_chip_40xx\Debug\liblpc_chip_40xx.a(fpu_init.o)
 .debug_line    0x0000425d      0x4db C:\Users\B45511\Documents\MCUXpressoIDE_10.1.0_580_prc3\workspace\lpc_chip_40xx\Debug\liblpc_chip_40xx.a(iocon_17xx_40xx.o)
 .debug_line    0x00004738      0x4cd C:\Users\B45511\Documents\MCUXpressoIDE_10.1.0_580_prc3\workspace\lpc_chip_40xx\Debug\liblpc_chip_40xx.a(sysctl_17xx_40xx.o)
 .debug_line    0x00004c05      0x577 C:\Users\B45511\Documents\MCUXpressoIDE_10.1.0_580_prc3\workspace\lpc_chip_40xx\Debug\liblpc_chip_40xx.a(sysinit_17xx_40xx.o)
 .debug_line    0x0000517c      0x819 C:\Users\B45511\Documents\MCUXpressoIDE_10.1.0_580_prc3\workspace\lpc_chip_40xx\Debug\liblpc_chip_40xx.a(uart_17xx_40xx.o)

.debug_str      0x00000000    0x1ae1c
 .debug_str     0x00000000     0x27ab ./example/src/cr_startup_lpc40xx.o
                               0x27be (size before relaxing)
 .debug_str     0x000027ab    0x15232 ./example/src/enet.o
                              0x17936 (size before relaxing)
 .debug_str     0x000179dd       0x19 ./example/src/sysinit.o
                              0x170a8 (size before relaxing)
 .debug_str     0x000179f6     0x15bf C:\Users\B45511\Documents\MCUXpressoIDE_10.1.0_580_prc3\workspace\lpc_board_ea_devkit_4088\Debug\liblpc_board_ea_devkit_4088.a(board.o)
                              0x18887 (size before relaxing)
 .debug_str     0x00018fb5      0x671 C:\Users\B45511\Documents\MCUXpressoIDE_10.1.0_580_prc3\workspace\lpc_board_ea_devkit_4088\Debug\liblpc_board_ea_devkit_4088.a(board_sysinit.o)
                              0x17c01 (size before relaxing)
 .debug_str     0x00019626      0x3d0 C:\Users\B45511\Documents\MCUXpressoIDE_10.1.0_580_prc3\workspace\lpc_board_ea_devkit_4088\Debug\liblpc_board_ea_devkit_4088.a(lpc_phy_smsc87x0.o)
                              0x17816 (size before relaxing)
 .debug_str     0x000199f6      0x13c C:\Users\B45511\Documents\MCUXpressoIDE_10.1.0_580_prc3\workspace\lpc_chip_40xx\Debug\liblpc_chip_40xx.a(chip_17xx_40xx.o)
                              0x1690f (size before relaxing)
 .debug_str     0x00019b32      0x631 C:\Users\B45511\Documents\MCUXpressoIDE_10.1.0_580_prc3\workspace\lpc_chip_40xx\Debug\liblpc_chip_40xx.a(clock_17xx_40xx.o)
                              0x16da6 (size before relaxing)
 .debug_str     0x0001a163      0x49e C:\Users\B45511\Documents\MCUXpressoIDE_10.1.0_580_prc3\workspace\lpc_chip_40xx\Debug\liblpc_chip_40xx.a(emc_17xx_40xx.o)
                              0x16956 (size before relaxing)
 .debug_str     0x0001a601      0x227 C:\Users\B45511\Documents\MCUXpressoIDE_10.1.0_580_prc3\workspace\lpc_chip_40xx\Debug\liblpc_chip_40xx.a(enet_17xx_40xx.o)
                              0x16dc7 (size before relaxing)
 .debug_str     0x0001a828       0xb5 C:\Users\B45511\Documents\MCUXpressoIDE_10.1.0_580_prc3\workspace\lpc_chip_40xx\Debug\liblpc_chip_40xx.a(fpu_init.o)
                               0x997b (size before relaxing)
 .debug_str     0x0001a8dd       0x46 C:\Users\B45511\Documents\MCUXpressoIDE_10.1.0_580_prc3\workspace\lpc_chip_40xx\Debug\liblpc_chip_40xx.a(iocon_17xx_40xx.o)
                              0x162b6 (size before relaxing)
 .debug_str     0x0001a923       0x87 C:\Users\B45511\Documents\MCUXpressoIDE_10.1.0_580_prc3\workspace\lpc_chip_40xx\Debug\liblpc_chip_40xx.a(sysctl_17xx_40xx.o)
                              0x166a9 (size before relaxing)
 .debug_str     0x0001a9aa       0xda C:\Users\B45511\Documents\MCUXpressoIDE_10.1.0_580_prc3\workspace\lpc_chip_40xx\Debug\liblpc_chip_40xx.a(sysinit_17xx_40xx.o)
                              0x16582 (size before relaxing)
 .debug_str     0x0001aa84      0x398 C:\Users\B45511\Documents\MCUXpressoIDE_10.1.0_580_prc3\workspace\lpc_chip_40xx\Debug\liblpc_chip_40xx.a(uart_17xx_40xx.o)
                              0x16b48 (size before relaxing)

.comment        0x00000000       0x7f
 .comment       0x00000000       0x7f ./example/src/cr_startup_lpc40xx.o
                                 0x80 (size before relaxing)
 .comment       0x0000007f       0x80 ./example/src/enet.o
 .comment       0x0000007f       0x80 ./example/src/sysinit.o
 .comment       0x0000007f       0x80 C:\Users\B45511\Documents\MCUXpressoIDE_10.1.0_580_prc3\workspace\lpc_board_ea_devkit_4088\Debug\liblpc_board_ea_devkit_4088.a(board.o)
 .comment       0x0000007f       0x80 C:\Users\B45511\Documents\MCUXpressoIDE_10.1.0_580_prc3\workspace\lpc_board_ea_devkit_4088\Debug\liblpc_board_ea_devkit_4088.a(board_sysinit.o)
 .comment       0x0000007f       0x80 C:\Users\B45511\Documents\MCUXpressoIDE_10.1.0_580_prc3\workspace\lpc_board_ea_devkit_4088\Debug\liblpc_board_ea_devkit_4088.a(lpc_phy_smsc87x0.o)
 .comment       0x0000007f       0x80 C:\Users\B45511\Documents\MCUXpressoIDE_10.1.0_580_prc3\workspace\lpc_chip_40xx\Debug\liblpc_chip_40xx.a(chip_17xx_40xx.o)
 .comment       0x0000007f       0x80 C:\Users\B45511\Documents\MCUXpressoIDE_10.1.0_580_prc3\workspace\lpc_chip_40xx\Debug\liblpc_chip_40xx.a(clock_17xx_40xx.o)
 .comment       0x0000007f       0x80 C:\Users\B45511\Documents\MCUXpressoIDE_10.1.0_580_prc3\workspace\lpc_chip_40xx\Debug\liblpc_chip_40xx.a(emc_17xx_40xx.o)
 .comment       0x0000007f       0x80 C:\Users\B45511\Documents\MCUXpressoIDE_10.1.0_580_prc3\workspace\lpc_chip_40xx\Debug\liblpc_chip_40xx.a(enet_17xx_40xx.o)
 .comment       0x0000007f       0x80 C:\Users\B45511\Documents\MCUXpressoIDE_10.1.0_580_prc3\workspace\lpc_chip_40xx\Debug\liblpc_chip_40xx.a(fpu_init.o)
 .comment       0x0000007f       0x80 C:\Users\B45511\Documents\MCUXpressoIDE_10.1.0_580_prc3\workspace\lpc_chip_40xx\Debug\liblpc_chip_40xx.a(iocon_17xx_40xx.o)
 .comment       0x0000007f       0x80 C:\Users\B45511\Documents\MCUXpressoIDE_10.1.0_580_prc3\workspace\lpc_chip_40xx\Debug\liblpc_chip_40xx.a(sysctl_17xx_40xx.o)
 .comment       0x0000007f       0x80 C:\Users\B45511\Documents\MCUXpressoIDE_10.1.0_580_prc3\workspace\lpc_chip_40xx\Debug\liblpc_chip_40xx.a(sysinit_17xx_40xx.o)
 .comment       0x0000007f       0x80 C:\Users\B45511\Documents\MCUXpressoIDE_10.1.0_580_prc3\workspace\lpc_chip_40xx\Debug\liblpc_chip_40xx.a(uart_17xx_40xx.o)
 .comment       0x0000007f       0x80 c:/nxp/mcuxpressoide_10.1.0_580_prc3/ide/tools/bin/../lib/gcc/arm-none-eabi/6.3.1/../../../../arm-none-eabi/lib/thumb/v7e-m/fpv4-sp/softfp\libcr_nohost.a(_cr__main.o)
 .comment       0x0000007f       0x80 c:/nxp/mcuxpressoide_10.1.0_580_prc3/ide/tools/bin/../lib/gcc/arm-none-eabi/6.3.1/../../../../arm-none-eabi/lib/thumb/v7e-m/fpv4-sp/softfp\libcr_c.a(memcpy.o)
 .comment       0x0000007f       0x80 c:/nxp/mcuxpressoide_10.1.0_580_prc3/ide/tools/bin/../lib/gcc/arm-none-eabi/6.3.1/../../../../arm-none-eabi/lib/thumb/v7e-m/fpv4-sp/softfp\libcr_c.a(memset.o)
 .comment       0x0000007f       0x80 c:/nxp/mcuxpressoide_10.1.0_580_prc3/ide/tools/bin/../lib/gcc/arm-none-eabi/6.3.1/../../../../arm-none-eabi/lib/thumb/v7e-m/fpv4-sp/softfp\libcr_c.a(fpprintf.o)
 .comment       0x0000007f       0x80 c:/nxp/mcuxpressoide_10.1.0_580_prc3/ide/tools/bin/../lib/gcc/arm-none-eabi/6.3.1/../../../../arm-none-eabi/lib/thumb/v7e-m/fpv4-sp/softfp\libcr_c.a(initio.o)
 .comment       0x0000007f       0x80 c:/nxp/mcuxpressoide_10.1.0_580_prc3/ide/tools/bin/../lib/gcc/arm-none-eabi/6.3.1/../../../../arm-none-eabi/lib/thumb/v7e-m/fpv4-sp/softfp\libcr_c.a(printf.o)
 .comment       0x0000007f       0x80 c:/nxp/mcuxpressoide_10.1.0_580_prc3/ide/tools/bin/../lib/gcc/arm-none-eabi/6.3.1/../../../../arm-none-eabi/lib/thumb/v7e-m/fpv4-sp/softfp\libcr_c.a(setvbuf.o)
 .comment       0x0000007f       0x80 c:/nxp/mcuxpressoide_10.1.0_580_prc3/ide/tools/bin/../lib/gcc/arm-none-eabi/6.3.1/../../../../arm-none-eabi/lib/thumb/v7e-m/fpv4-sp/softfp\libcr_c.a(strlen.o)
 .comment       0x0000007f       0x80 c:/nxp/mcuxpressoide_10.1.0_580_prc3/ide/tools/bin/../lib/gcc/arm-none-eabi/6.3.1/../../../../arm-none-eabi/lib/thumb/v7e-m/fpv4-sp/softfp\libcr_c.a(_deferredlazyseek.o)
 .comment       0x0000007f       0x80 c:/nxp/mcuxpressoide_10.1.0_580_prc3/ide/tools/bin/../lib/gcc/arm-none-eabi/6.3.1/../../../../arm-none-eabi/lib/thumb/v7e-m/fpv4-sp/softfp\libcr_c.a(_fdopen.o)
 .comment       0x0000007f       0x80 c:/nxp/mcuxpressoide_10.1.0_580_prc3/ide/tools/bin/../lib/gcc/arm-none-eabi/6.3.1/../../../../arm-none-eabi/lib/thumb/v7e-m/fpv4-sp/softfp\libcr_c.a(_fflush.o)
 .comment       0x0000007f       0x80 c:/nxp/mcuxpressoide_10.1.0_580_prc3/ide/tools/bin/../lib/gcc/arm-none-eabi/6.3.1/../../../../arm-none-eabi/lib/thumb/v7e-m/fpv4-sp/softfp\libcr_c.a(_frexpl.o)
 .comment       0x0000007f       0x80 c:/nxp/mcuxpressoide_10.1.0_580_prc3/ide/tools/bin/../lib/gcc/arm-none-eabi/6.3.1/../../../../arm-none-eabi/lib/thumb/v7e-m/fpv4-sp/softfp\libcr_c.a(_ldexpl.o)
 .comment       0x0000007f       0x80 c:/nxp/mcuxpressoide_10.1.0_580_prc3/ide/tools/bin/../lib/gcc/arm-none-eabi/6.3.1/../../../../arm-none-eabi/lib/thumb/v7e-m/fpv4-sp/softfp\libcr_c.a(_writebuf.o)
 .comment       0x0000007f       0x80 c:/nxp/mcuxpressoide_10.1.0_580_prc3/ide/tools/bin/../lib/gcc/arm-none-eabi/6.3.1/../../../../arm-none-eabi/lib/thumb/v7e-m/fpv4-sp/softfp\libcr_c.a(alloc.o)
 .comment       0x0000007f       0x80 c:/nxp/mcuxpressoide_10.1.0_580_prc3/ide/tools/bin/../lib/gcc/arm-none-eabi/6.3.1/../../../../arm-none-eabi/lib/thumb/v7e-m/fpv4-sp/softfp\libcr_c.a(errno.o)
 .comment       0x0000007f       0x80 c:/nxp/mcuxpressoide_10.1.0_580_prc3/ide/tools/bin/../lib/gcc/arm-none-eabi/6.3.1/../../../../arm-none-eabi/lib/thumb/v7e-m/fpv4-sp/softfp\libcr_c.a(fclose.o)
 .comment       0x0000007f       0x80 c:/nxp/mcuxpressoide_10.1.0_580_prc3/ide/tools/bin/../lib/gcc/arm-none-eabi/6.3.1/../../../../arm-none-eabi/lib/thumb/v7e-m/fpv4-sp/softfp\libcr_c.a(fflush.o)
 .comment       0x0000007f       0x80 c:/nxp/mcuxpressoide_10.1.0_580_prc3/ide/tools/bin/../lib/gcc/arm-none-eabi/6.3.1/../../../../arm-none-eabi/lib/thumb/v7e-m/fpv4-sp/softfp\libcr_c.a(fseek.o)
 .comment       0x0000007f       0x80 c:/nxp/mcuxpressoide_10.1.0_580_prc3/ide/tools/bin/../lib/gcc/arm-none-eabi/6.3.1/../../../../arm-none-eabi/lib/thumb/v7e-m/fpv4-sp/softfp\libcr_c.a(ftell.o)
 .comment       0x0000007f       0x80 c:/nxp/mcuxpressoide_10.1.0_580_prc3/ide/tools/bin/../lib/gcc/arm-none-eabi/6.3.1/../../../../arm-none-eabi/lib/thumb/v7e-m/fpv4-sp/softfp\libcr_c.a(remove.o)
 .comment       0x0000007f       0x80 c:/nxp/mcuxpressoide_10.1.0_580_prc3/ide/tools/bin/../lib/gcc/arm-none-eabi/6.3.1/../../../../arm-none-eabi/lib/thumb/v7e-m/fpv4-sp/softfp\libcr_c.a(__init_alloc.o)
 .comment       0x0000007f       0x80 c:/nxp/mcuxpressoide_10.1.0_580_prc3/ide/tools/bin/../lib/gcc/arm-none-eabi/6.3.1/../../../../arm-none-eabi/lib/thumb/v7e-m/fpv4-sp/softfp\libcr_c.a(_cr_sbrk.o)
 .comment       0x0000007f       0x80 c:/nxp/mcuxpressoide_10.1.0_580_prc3/ide/tools/bin/../lib/gcc/arm-none-eabi/6.3.1/../../../../arm-none-eabi/lib/thumb/v7e-m/fpv4-sp/softfp\libcr_c.a(_do_fflush.o)
 .comment       0x0000007f       0x80 c:/nxp/mcuxpressoide_10.1.0_580_prc3/ide/tools/bin/../lib/gcc/arm-none-eabi/6.3.1/../../../../arm-none-eabi/lib/thumb/v7e-m/fpv4-sp/softfp\libcr_c.a(_hugeval.o)
 .comment       0x0000007f       0x80 c:/nxp/mcuxpressoide_10.1.0_580_prc3/ide/tools/bin/../lib/gcc/arm-none-eabi/6.3.1/../../../../arm-none-eabi/lib/thumb/v7e-m/fpv4-sp/softfp\libcr_c.a(_cr_check_heap.o)
 .comment       0x0000007f       0x80 c:/nxp/mcuxpressoide_10.1.0_580_prc3/ide/tools/bin/../lib/gcc/arm-none-eabi/6.3.1/thumb/v7e-m/fpv4-sp/softfp\libcr_eabihelpers.a(double.o)
 .comment       0x0000007f       0x80 c:/nxp/mcuxpressoide_10.1.0_580_prc3/ide/tools/bin/../lib/gcc/arm-none-eabi/6.3.1/../../../../arm-none-eabi/lib/thumb/v7e-m/fpv4-sp/softfp\libcr_nohost.a(__ciob.o)
 .comment       0x0000007f       0x80 c:/nxp/mcuxpressoide_10.1.0_580_prc3/ide/tools/bin/../lib/gcc/arm-none-eabi/6.3.1/../../../../arm-none-eabi/lib/thumb/v7e-m/fpv4-sp/softfp\libcr_nohost.a(__sys_appexit.o)
 .comment       0x0000007f       0x80 c:/nxp/mcuxpressoide_10.1.0_580_prc3/ide/tools/bin/../lib/gcc/arm-none-eabi/6.3.1/../../../../arm-none-eabi/lib/thumb/v7e-m/fpv4-sp/softfp\libcr_nohost.a(__sys_close.o)
 .comment       0x0000007f       0x80 c:/nxp/mcuxpressoide_10.1.0_580_prc3/ide/tools/bin/../lib/gcc/arm-none-eabi/6.3.1/../../../../arm-none-eabi/lib/thumb/v7e-m/fpv4-sp/softfp\libcr_nohost.a(__sys_flen.o)
 .comment       0x0000007f       0x80 c:/nxp/mcuxpressoide_10.1.0_580_prc3/ide/tools/bin/../lib/gcc/arm-none-eabi/6.3.1/../../../../arm-none-eabi/lib/thumb/v7e-m/fpv4-sp/softfp\libcr_nohost.a(__sys_istty.o)
 .comment       0x0000007f       0x80 c:/nxp/mcuxpressoide_10.1.0_580_prc3/ide/tools/bin/../lib/gcc/arm-none-eabi/6.3.1/../../../../arm-none-eabi/lib/thumb/v7e-m/fpv4-sp/softfp\libcr_nohost.a(__sys_remove.o)
 .comment       0x0000007f       0x80 c:/nxp/mcuxpressoide_10.1.0_580_prc3/ide/tools/bin/../lib/gcc/arm-none-eabi/6.3.1/../../../../arm-none-eabi/lib/thumb/v7e-m/fpv4-sp/softfp\libcr_nohost.a(__sys_seek.o)
 .comment       0x0000007f       0x80 c:/nxp/mcuxpressoide_10.1.0_580_prc3/ide/tools/bin/../lib/gcc/arm-none-eabi/6.3.1/../../../../arm-none-eabi/lib/thumb/v7e-m/fpv4-sp/softfp\libcr_nohost.a(__sys_tmpnam.o)

.ARM.attributes
                0x00000000       0x35
 .ARM.attributes
                0x00000000       0x37 ./example/src/cr_startup_lpc40xx.o
 .ARM.attributes
                0x00000037       0x37 ./example/src/enet.o
 .ARM.attributes
                0x0000006e       0x37 ./example/src/sysinit.o
 .ARM.attributes
                0x000000a5       0x37 C:\Users\B45511\Documents\MCUXpressoIDE_10.1.0_580_prc3\workspace\lpc_board_ea_devkit_4088\Debug\liblpc_board_ea_devkit_4088.a(board.o)
 .ARM.attributes
                0x000000dc       0x37 C:\Users\B45511\Documents\MCUXpressoIDE_10.1.0_580_prc3\workspace\lpc_board_ea_devkit_4088\Debug\liblpc_board_ea_devkit_4088.a(board_sysinit.o)
 .ARM.attributes
                0x00000113       0x37 C:\Users\B45511\Documents\MCUXpressoIDE_10.1.0_580_prc3\workspace\lpc_board_ea_devkit_4088\Debug\liblpc_board_ea_devkit_4088.a(lpc_phy_smsc87x0.o)
 .ARM.attributes
                0x0000014a       0x37 C:\Users\B45511\Documents\MCUXpressoIDE_10.1.0_580_prc3\workspace\lpc_chip_40xx\Debug\liblpc_chip_40xx.a(chip_17xx_40xx.o)
 .ARM.attributes
                0x00000181       0x37 C:\Users\B45511\Documents\MCUXpressoIDE_10.1.0_580_prc3\workspace\lpc_chip_40xx\Debug\liblpc_chip_40xx.a(clock_17xx_40xx.o)
 .ARM.attributes
                0x000001b8       0x37 C:\Users\B45511\Documents\MCUXpressoIDE_10.1.0_580_prc3\workspace\lpc_chip_40xx\Debug\liblpc_chip_40xx.a(emc_17xx_40xx.o)
 .ARM.attributes
                0x000001ef       0x37 C:\Users\B45511\Documents\MCUXpressoIDE_10.1.0_580_prc3\workspace\lpc_chip_40xx\Debug\liblpc_chip_40xx.a(enet_17xx_40xx.o)
 .ARM.attributes
                0x00000226       0x37 C:\Users\B45511\Documents\MCUXpressoIDE_10.1.0_580_prc3\workspace\lpc_chip_40xx\Debug\liblpc_chip_40xx.a(fpu_init.o)
 .ARM.attributes
                0x0000025d       0x37 C:\Users\B45511\Documents\MCUXpressoIDE_10.1.0_580_prc3\workspace\lpc_chip_40xx\Debug\liblpc_chip_40xx.a(iocon_17xx_40xx.o)
 .ARM.attributes
                0x00000294       0x37 C:\Users\B45511\Documents\MCUXpressoIDE_10.1.0_580_prc3\workspace\lpc_chip_40xx\Debug\liblpc_chip_40xx.a(sysctl_17xx_40xx.o)
 .ARM.attributes
                0x000002cb       0x37 C:\Users\B45511\Documents\MCUXpressoIDE_10.1.0_580_prc3\workspace\lpc_chip_40xx\Debug\liblpc_chip_40xx.a(sysinit_17xx_40xx.o)
 .ARM.attributes
                0x00000302       0x37 C:\Users\B45511\Documents\MCUXpressoIDE_10.1.0_580_prc3\workspace\lpc_chip_40xx\Debug\liblpc_chip_40xx.a(uart_17xx_40xx.o)
 .ARM.attributes
                0x00000339       0x37 c:/nxp/mcuxpressoide_10.1.0_580_prc3/ide/tools/bin/../lib/gcc/arm-none-eabi/6.3.1/../../../../arm-none-eabi/lib/thumb/v7e-m/fpv4-sp/softfp\libcr_nohost.a(_cr__main.o)
 .ARM.attributes
                0x00000370       0x37 c:/nxp/mcuxpressoide_10.1.0_580_prc3/ide/tools/bin/../lib/gcc/arm-none-eabi/6.3.1/../../../../arm-none-eabi/lib/thumb/v7e-m/fpv4-sp/softfp\libcr_c.a(memcpy.o)
 .ARM.attributes
                0x000003a7       0x37 c:/nxp/mcuxpressoide_10.1.0_580_prc3/ide/tools/bin/../lib/gcc/arm-none-eabi/6.3.1/../../../../arm-none-eabi/lib/thumb/v7e-m/fpv4-sp/softfp\libcr_c.a(memset.o)
 .ARM.attributes
                0x000003de       0x37 c:/nxp/mcuxpressoide_10.1.0_580_prc3/ide/tools/bin/../lib/gcc/arm-none-eabi/6.3.1/../../../../arm-none-eabi/lib/thumb/v7e-m/fpv4-sp/softfp\libcr_c.a(fpprintf.o)
 .ARM.attributes
                0x00000415       0x37 c:/nxp/mcuxpressoide_10.1.0_580_prc3/ide/tools/bin/../lib/gcc/arm-none-eabi/6.3.1/../../../../arm-none-eabi/lib/thumb/v7e-m/fpv4-sp/softfp\libcr_c.a(initio.o)
 .ARM.attributes
                0x0000044c       0x37 c:/nxp/mcuxpressoide_10.1.0_580_prc3/ide/tools/bin/../lib/gcc/arm-none-eabi/6.3.1/../../../../arm-none-eabi/lib/thumb/v7e-m/fpv4-sp/softfp\libcr_c.a(printf.o)
 .ARM.attributes
                0x00000483       0x37 c:/nxp/mcuxpressoide_10.1.0_580_prc3/ide/tools/bin/../lib/gcc/arm-none-eabi/6.3.1/../../../../arm-none-eabi/lib/thumb/v7e-m/fpv4-sp/softfp\libcr_c.a(setvbuf.o)
 .ARM.attributes
                0x000004ba       0x37 c:/nxp/mcuxpressoide_10.1.0_580_prc3/ide/tools/bin/../lib/gcc/arm-none-eabi/6.3.1/../../../../arm-none-eabi/lib/thumb/v7e-m/fpv4-sp/softfp\libcr_c.a(strlen.o)
 .ARM.attributes
                0x000004f1       0x37 c:/nxp/mcuxpressoide_10.1.0_580_prc3/ide/tools/bin/../lib/gcc/arm-none-eabi/6.3.1/../../../../arm-none-eabi/lib/thumb/v7e-m/fpv4-sp/softfp\libcr_c.a(_deferredlazyseek.o)
 .ARM.attributes
                0x00000528       0x37 c:/nxp/mcuxpressoide_10.1.0_580_prc3/ide/tools/bin/../lib/gcc/arm-none-eabi/6.3.1/../../../../arm-none-eabi/lib/thumb/v7e-m/fpv4-sp/softfp\libcr_c.a(_fdopen.o)
 .ARM.attributes
                0x0000055f       0x37 c:/nxp/mcuxpressoide_10.1.0_580_prc3/ide/tools/bin/../lib/gcc/arm-none-eabi/6.3.1/../../../../arm-none-eabi/lib/thumb/v7e-m/fpv4-sp/softfp\libcr_c.a(_fflush.o)
 .ARM.attributes
                0x00000596       0x37 c:/nxp/mcuxpressoide_10.1.0_580_prc3/ide/tools/bin/../lib/gcc/arm-none-eabi/6.3.1/../../../../arm-none-eabi/lib/thumb/v7e-m/fpv4-sp/softfp\libcr_c.a(_frexpl.o)
 .ARM.attributes
                0x000005cd       0x37 c:/nxp/mcuxpressoide_10.1.0_580_prc3/ide/tools/bin/../lib/gcc/arm-none-eabi/6.3.1/../../../../arm-none-eabi/lib/thumb/v7e-m/fpv4-sp/softfp\libcr_c.a(_ldexpl.o)
 .ARM.attributes
                0x00000604       0x37 c:/nxp/mcuxpressoide_10.1.0_580_prc3/ide/tools/bin/../lib/gcc/arm-none-eabi/6.3.1/../../../../arm-none-eabi/lib/thumb/v7e-m/fpv4-sp/softfp\libcr_c.a(_writebuf.o)
 .ARM.attributes
                0x0000063b       0x37 c:/nxp/mcuxpressoide_10.1.0_580_prc3/ide/tools/bin/../lib/gcc/arm-none-eabi/6.3.1/../../../../arm-none-eabi/lib/thumb/v7e-m/fpv4-sp/softfp\libcr_c.a(alloc.o)
 .ARM.attributes
                0x00000672       0x37 c:/nxp/mcuxpressoide_10.1.0_580_prc3/ide/tools/bin/../lib/gcc/arm-none-eabi/6.3.1/../../../../arm-none-eabi/lib/thumb/v7e-m/fpv4-sp/softfp\libcr_c.a(errno.o)
 .ARM.attributes
                0x000006a9       0x37 c:/nxp/mcuxpressoide_10.1.0_580_prc3/ide/tools/bin/../lib/gcc/arm-none-eabi/6.3.1/../../../../arm-none-eabi/lib/thumb/v7e-m/fpv4-sp/softfp\libcr_c.a(fclose.o)
 .ARM.attributes
                0x000006e0       0x37 c:/nxp/mcuxpressoide_10.1.0_580_prc3/ide/tools/bin/../lib/gcc/arm-none-eabi/6.3.1/../../../../arm-none-eabi/lib/thumb/v7e-m/fpv4-sp/softfp\libcr_c.a(fflush.o)
 .ARM.attributes
                0x00000717       0x37 c:/nxp/mcuxpressoide_10.1.0_580_prc3/ide/tools/bin/../lib/gcc/arm-none-eabi/6.3.1/../../../../arm-none-eabi/lib/thumb/v7e-m/fpv4-sp/softfp\libcr_c.a(fseek.o)
 .ARM.attributes
                0x0000074e       0x37 c:/nxp/mcuxpressoide_10.1.0_580_prc3/ide/tools/bin/../lib/gcc/arm-none-eabi/6.3.1/../../../../arm-none-eabi/lib/thumb/v7e-m/fpv4-sp/softfp\libcr_c.a(ftell.o)
 .ARM.attributes
                0x00000785       0x37 c:/nxp/mcuxpressoide_10.1.0_580_prc3/ide/tools/bin/../lib/gcc/arm-none-eabi/6.3.1/../../../../arm-none-eabi/lib/thumb/v7e-m/fpv4-sp/softfp\libcr_c.a(remove.o)
 .ARM.attributes
                0x000007bc       0x37 c:/nxp/mcuxpressoide_10.1.0_580_prc3/ide/tools/bin/../lib/gcc/arm-none-eabi/6.3.1/../../../../arm-none-eabi/lib/thumb/v7e-m/fpv4-sp/softfp\libcr_c.a(__init_alloc.o)
 .ARM.attributes
                0x000007f3       0x37 c:/nxp/mcuxpressoide_10.1.0_580_prc3/ide/tools/bin/../lib/gcc/arm-none-eabi/6.3.1/../../../../arm-none-eabi/lib/thumb/v7e-m/fpv4-sp/softfp\libcr_c.a(_cr_sbrk.o)
 .ARM.attributes
                0x0000082a       0x37 c:/nxp/mcuxpressoide_10.1.0_580_prc3/ide/tools/bin/../lib/gcc/arm-none-eabi/6.3.1/../../../../arm-none-eabi/lib/thumb/v7e-m/fpv4-sp/softfp\libcr_c.a(_do_fflush.o)
 .ARM.attributes
                0x00000861       0x37 c:/nxp/mcuxpressoide_10.1.0_580_prc3/ide/tools/bin/../lib/gcc/arm-none-eabi/6.3.1/../../../../arm-none-eabi/lib/thumb/v7e-m/fpv4-sp/softfp\libcr_c.a(_hugeval.o)
 .ARM.attributes
                0x00000898       0x37 c:/nxp/mcuxpressoide_10.1.0_580_prc3/ide/tools/bin/../lib/gcc/arm-none-eabi/6.3.1/../../../../arm-none-eabi/lib/thumb/v7e-m/fpv4-sp/softfp\libcr_c.a(_cr_check_heap.o)
 .ARM.attributes
                0x000008cf       0x37 c:/nxp/mcuxpressoide_10.1.0_580_prc3/ide/tools/bin/../lib/gcc/arm-none-eabi/6.3.1/thumb/v7e-m/fpv4-sp/softfp\libcr_eabihelpers.a(double.o)
 .ARM.attributes
                0x00000906       0x25 c:/nxp/mcuxpressoide_10.1.0_580_prc3/ide/tools/bin/../lib/gcc/arm-none-eabi/6.3.1/thumb/v7e-m/fpv4-sp/softfp\libcr_eabihelpers.a(memcpy.o)
 .ARM.attributes
                0x0000092b       0x37 c:/nxp/mcuxpressoide_10.1.0_580_prc3/ide/tools/bin/../lib/gcc/arm-none-eabi/6.3.1/../../../../arm-none-eabi/lib/thumb/v7e-m/fpv4-sp/softfp\libcr_nohost.a(__ciob.o)
 .ARM.attributes